Archive member included to satisfy reference by file (symbol)

c:/st/stm32cubeide_1.12.1/stm32cubeide/plugins/com.st.stm32cube.ide.mcu.externaltools.gnu-tools-for-stm32.10.3-2021.10.win32_1.0.200.202301161003/tools/bin/../lib/gcc/arm-none-eabi/10.3.1/../../../../arm-none-eabi/lib/thumb/v7e-m+fp/hard\libc_nano.a(lib_a-errno.o)
                              ./Core/Src/syscalls.o (__errno)
c:/st/stm32cubeide_1.12.1/stm32cubeide/plugins/com.st.stm32cube.ide.mcu.externaltools.gnu-tools-for-stm32.10.3-2021.10.win32_1.0.200.202301161003/tools/bin/../lib/gcc/arm-none-eabi/10.3.1/../../../../arm-none-eabi/lib/thumb/v7e-m+fp/hard\libc_nano.a(lib_a-exit.o)
                              c:/st/stm32cubeide_1.12.1/stm32cubeide/plugins/com.st.stm32cube.ide.mcu.externaltools.gnu-tools-for-stm32.10.3-2021.10.win32_1.0.200.202301161003/tools/bin/../lib/gcc/arm-none-eabi/10.3.1/../../../../arm-none-eabi/lib/thumb/v7e-m+fp/hard/crt0.o (exit)
c:/st/stm32cubeide_1.12.1/stm32cubeide/plugins/com.st.stm32cube.ide.mcu.externaltools.gnu-tools-for-stm32.10.3-2021.10.win32_1.0.200.202301161003/tools/bin/../lib/gcc/arm-none-eabi/10.3.1/../../../../arm-none-eabi/lib/thumb/v7e-m+fp/hard\libc_nano.a(lib_a-impure.o)
                              c:/st/stm32cubeide_1.12.1/stm32cubeide/plugins/com.st.stm32cube.ide.mcu.externaltools.gnu-tools-for-stm32.10.3-2021.10.win32_1.0.200.202301161003/tools/bin/../lib/gcc/arm-none-eabi/10.3.1/../../../../arm-none-eabi/lib/thumb/v7e-m+fp/hard\libc_nano.a(lib_a-exit.o) (_global_impure_ptr)
c:/st/stm32cubeide_1.12.1/stm32cubeide/plugins/com.st.stm32cube.ide.mcu.externaltools.gnu-tools-for-stm32.10.3-2021.10.win32_1.0.200.202301161003/tools/bin/../lib/gcc/arm-none-eabi/10.3.1/../../../../arm-none-eabi/lib/thumb/v7e-m+fp/hard\libc_nano.a(lib_a-init.o)
                              c:/st/stm32cubeide_1.12.1/stm32cubeide/plugins/com.st.stm32cube.ide.mcu.externaltools.gnu-tools-for-stm32.10.3-2021.10.win32_1.0.200.202301161003/tools/bin/../lib/gcc/arm-none-eabi/10.3.1/../../../../arm-none-eabi/lib/thumb/v7e-m+fp/hard/crt0.o (__libc_init_array)
c:/st/stm32cubeide_1.12.1/stm32cubeide/plugins/com.st.stm32cube.ide.mcu.externaltools.gnu-tools-for-stm32.10.3-2021.10.win32_1.0.200.202301161003/tools/bin/../lib/gcc/arm-none-eabi/10.3.1/../../../../arm-none-eabi/lib/thumb/v7e-m+fp/hard\libc_nano.a(lib_a-memset.o)
                              c:/st/stm32cubeide_1.12.1/stm32cubeide/plugins/com.st.stm32cube.ide.mcu.externaltools.gnu-tools-for-stm32.10.3-2021.10.win32_1.0.200.202301161003/tools/bin/../lib/gcc/arm-none-eabi/10.3.1/../../../../arm-none-eabi/lib/thumb/v7e-m+fp/hard/crt0.o (memset)
c:/st/stm32cubeide_1.12.1/stm32cubeide/plugins/com.st.stm32cube.ide.mcu.externaltools.gnu-tools-for-stm32.10.3-2021.10.win32_1.0.200.202301161003/tools/bin/../lib/gcc/arm-none-eabi/10.3.1/thumb/v7e-m+fp/hard\libgcc.a(_aeabi_uldivmod.o)
                              ./Drivers/STM32F4xx_HAL_Driver/Src/stm32f4xx_hal_rcc.o (__aeabi_uldivmod)
c:/st/stm32cubeide_1.12.1/stm32cubeide/plugins/com.st.stm32cube.ide.mcu.externaltools.gnu-tools-for-stm32.10.3-2021.10.win32_1.0.200.202301161003/tools/bin/../lib/gcc/arm-none-eabi/10.3.1/thumb/v7e-m+fp/hard\libgcc.a(_udivmoddi4.o)
                              c:/st/stm32cubeide_1.12.1/stm32cubeide/plugins/com.st.stm32cube.ide.mcu.externaltools.gnu-tools-for-stm32.10.3-2021.10.win32_1.0.200.202301161003/tools/bin/../lib/gcc/arm-none-eabi/10.3.1/thumb/v7e-m+fp/hard\libgcc.a(_aeabi_uldivmod.o) (__udivmoddi4)
c:/st/stm32cubeide_1.12.1/stm32cubeide/plugins/com.st.stm32cube.ide.mcu.externaltools.gnu-tools-for-stm32.10.3-2021.10.win32_1.0.200.202301161003/tools/bin/../lib/gcc/arm-none-eabi/10.3.1/thumb/v7e-m+fp/hard\libgcc.a(_dvmd_tls.o)
                              c:/st/stm32cubeide_1.12.1/stm32cubeide/plugins/com.st.stm32cube.ide.mcu.externaltools.gnu-tools-for-stm32.10.3-2021.10.win32_1.0.200.202301161003/tools/bin/../lib/gcc/arm-none-eabi/10.3.1/thumb/v7e-m+fp/hard\libgcc.a(_aeabi_uldivmod.o) (__aeabi_ldiv0)

Discarded input sections

 .text          0x0000000000000000        0x0 c:/st/stm32cubeide_1.12.1/stm32cubeide/plugins/com.st.stm32cube.ide.mcu.externaltools.gnu-tools-for-stm32.10.3-2021.10.win32_1.0.200.202301161003/tools/bin/../lib/gcc/arm-none-eabi/10.3.1/thumb/v7e-m+fp/hard/crti.o
 .data          0x0000000000000000        0x0 c:/st/stm32cubeide_1.12.1/stm32cubeide/plugins/com.st.stm32cube.ide.mcu.externaltools.gnu-tools-for-stm32.10.3-2021.10.win32_1.0.200.202301161003/tools/bin/../lib/gcc/arm-none-eabi/10.3.1/thumb/v7e-m+fp/hard/crti.o
 .bss           0x0000000000000000        0x0 c:/st/stm32cubeide_1.12.1/stm32cubeide/plugins/com.st.stm32cube.ide.mcu.externaltools.gnu-tools-for-stm32.10.3-2021.10.win32_1.0.200.202301161003/tools/bin/../lib/gcc/arm-none-eabi/10.3.1/thumb/v7e-m+fp/hard/crti.o
[...]
Memory Configuration

Name             Origin             Length             Attributes
RAM              0x0000000020000000 0x0000000000020000 xrw
FLASH            0x0000000008000000 0x0000000000080000 xr
*default*        0x0000000000000000 0xffffffffffffffff

Linker script and memory map

LOAD c:/st/stm32cubeide_1.12.1/stm32cubeide/plugins/com.st.stm32cube.ide.mcu.externaltools.gnu-tools-for-stm32.10.3-2021.10.win32_1.0.200.202301161003/tools/bin/../lib/gcc/arm-none-eabi/10.3.1/thumb/v7e-m+fp/hard/crti.o
LOAD c:/st/stm32cubeide_1.12.1/stm32cubeide/plugins/com.st.stm32cube.ide.mcu.externaltools.gnu-tools-for-stm32.10.3-2021.10.win32_1.0.200.202301161003/tools/bin/../lib/gcc/arm-none-eabi/10.3.1/thumb/v7e-m+fp/hard/crtbegin.o
LOAD c:/st/stm32cubeide_1.12.1/stm32cubeide/plugins/com.st.stm32cube.ide.mcu.externaltools.gnu-tools-for-stm32.10.3-2021.10.win32_1.0.200.202301161003/tools/bin/../lib/gcc/arm-none-eabi/10.3.1/../../../../arm-none-eabi/lib/thumb/v7e-m+fp/hard/crt0.o
LOAD ./Core/Src/main.o
LOAD ./Core/Src/stm32f4xx_hal_msp.o
LOAD ./Core/Src/stm32f4xx_it.o
LOAD ./Core/Src/syscalls.o
LOAD ./Core/Src/sysmem.o
LOAD ./Core/Src/system_stm32f4xx.o
LOAD ./Core/Startup/startup_stm32f446retx.o
LOAD ./Drivers/STM32F4xx_HAL_Driver/Src/stm32f4xx_hal.o
LOAD ./Drivers/STM32F4xx_HAL_Driver/Src/stm32f4xx_hal_cortex.o
LOAD ./Drivers/STM32F4xx_HAL_Driver/Src/stm32f4xx_hal_dma.o
LOAD ./Drivers/STM32F4xx_HAL_Driver/Src/stm32f4xx_hal_dma_ex.o
LOAD ./Drivers/STM32F4xx_HAL_Driver/Src/stm32f4xx_hal_exti.o
LOAD ./Drivers/STM32F4xx_HAL_Driver/Src/stm32f4xx_hal_flash.o
LOAD ./Drivers/STM32F4xx_HAL_Driver/Src/stm32f4xx_hal_flash_ex.o
LOAD ./Drivers/STM32F4xx_HAL_Driver/Src/stm32f4xx_hal_flash_ramfunc.o
LOAD ./Drivers/STM32F4xx_HAL_Driver/Src/stm32f4xx_hal_gpio.o
LOAD ./Drivers/STM32F4xx_HAL_Driver/Src/stm32f4xx_hal_pcd.o
LOAD ./Drivers/STM32F4xx_HAL_Driver/Src/stm32f4xx_hal_pcd_ex.o
LOAD ./Drivers/STM32F4xx_HAL_Driver/Src/stm32f4xx_hal_pwr.o
LOAD ./Drivers/STM32F4xx_HAL_Driver/Src/stm32f4xx_hal_pwr_ex.o
LOAD ./Drivers/STM32F4xx_HAL_Driver/Src/stm32f4xx_hal_rcc.o
LOAD ./Drivers/STM32F4xx_HAL_Driver/Src/stm32f4xx_hal_rcc_ex.o
LOAD ./Drivers/STM32F4xx_HAL_Driver/Src/stm32f4xx_hal_tim.o
LOAD ./Drivers/STM32F4xx_HAL_Driver/Src/stm32f4xx_hal_tim_ex.o
LOAD ./Drivers/STM32F4xx_HAL_Driver/Src/stm32f4xx_hal_uart.o
LOAD ./Drivers/STM32F4xx_HAL_Driver/Src/stm32f4xx_ll_usb.o
LOAD ./Middlewares/ST/STM32_USB_Device_Library/Class/HID/Src/usbd_hid.o
LOAD ./Middlewares/ST/STM32_USB_Device_Library/Core/Src/usbd_core.o
LOAD ./Middlewares/ST/STM32_USB_Device_Library/Core/Src/usbd_ctlreq.o
LOAD ./Middlewares/ST/STM32_USB_Device_Library/Core/Src/usbd_ioreq.o
LOAD ./USB_DEVICE/App/usb_device.o
LOAD ./USB_DEVICE/App/usbd_desc.o
LOAD ./USB_DEVICE/Target/usbd_conf.o
START GROUP
LOAD c:/st/stm32cubeide_1.12.1/stm32cubeide/plugins/com.st.stm32cube.ide.mcu.externaltools.gnu-tools-for-stm32.10.3-2021.10.win32_1.0.200.202301161003/tools/bin/../lib/gcc/arm-none-eabi/10.3.1/../../../../arm-none-eabi/lib/thumb/v7e-m+fp/hard\libc_nano.a
LOAD c:/st/stm32cubeide_1.12.1/stm32cubeide/plugins/com.st.stm32cube.ide.mcu.externaltools.gnu-tools-for-stm32.10.3-2021.10.win32_1.0.200.202301161003/tools/bin/../lib/gcc/arm-none-eabi/10.3.1/../../../../arm-none-eabi/lib/thumb/v7e-m+fp/hard\libm.a
END GROUP
START GROUP
LOAD c:/st/stm32cubeide_1.12.1/stm32cubeide/plugins/com.st.stm32cube.ide.mcu.externaltools.gnu-tools-for-stm32.10.3-2021.10.win32_1.0.200.202301161003/tools/bin/../lib/gcc/arm-none-eabi/10.3.1/thumb/v7e-m+fp/hard\libgcc.a
LOAD c:/st/stm32cubeide_1.12.1/stm32cubeide/plugins/com.st.stm32cube.ide.mcu.externaltools.gnu-tools-for-stm32.10.3-2021.10.win32_1.0.200.202301161003/tools/bin/../lib/gcc/arm-none-eabi/10.3.1/../../../../arm-none-eabi/lib/thumb/v7e-m+fp/hard\libc_nano.a
END GROUP
START GROUP
LOAD c:/st/stm32cubeide_1.12.1/stm32cubeide/plugins/com.st.stm32cube.ide.mcu.externaltools.gnu-tools-for-stm32.10.3-2021.10.win32_1.0.200.202301161003/tools/bin/../lib/gcc/arm-none-eabi/10.3.1/thumb/v7e-m+fp/hard\libgcc.a
LOAD c:/st/stm32cubeide_1.12.1/stm32cubeide/plugins/com.st.stm32cube.ide.mcu.externaltools.gnu-tools-for-stm32.10.3-2021.10.win32_1.0.200.202301161003/tools/bin/../lib/gcc/arm-none-eabi/10.3.1/../../../../arm-none-eabi/lib/thumb/v7e-m+fp/hard\libc_nano.a
LOAD c:/st/stm32cubeide_1.12.1/stm32cubeide/plugins/com.st.stm32cube.ide.mcu.externaltools.gnu-tools-for-stm32.10.3-2021.10.win32_1.0.200.202301161003/tools/bin/../lib/gcc/arm-none-eabi/10.3.1/../../../../arm-none-eabi/lib/thumb/v7e-m+fp/hard\libnosys.a
END GROUP
START GROUP
LOAD c:/st/stm32cubeide_1.12.1/stm32cubeide/plugins/com.st.stm32cube.ide.mcu.externaltools.gnu-tools-for-stm32.10.3-2021.10.win32_1.0.200.202301161003/tools/bin/../lib/gcc/arm-none-eabi/10.3.1/thumb/v7e-m+fp/hard\libgcc.a
LOAD c:/st/stm32cubeide_1.12.1/stm32cubeide/plugins/com.st.stm32cube.ide.mcu.externaltools.gnu-tools-for-stm32.10.3-2021.10.win32_1.0.200.202301161003/tools/bin/../lib/gcc/arm-none-eabi/10.3.1/../../../../arm-none-eabi/lib/thumb/v7e-m+fp/hard\libc_nano.a
LOAD c:/st/stm32cubeide_1.12.1/stm32cubeide/plugins/com.st.stm32cube.ide.mcu.externaltools.gnu-tools-for-stm32.10.3-2021.10.win32_1.0.200.202301161003/tools/bin/../lib/gcc/arm-none-eabi/10.3.1/../../../../arm-none-eabi/lib/thumb/v7e-m+fp/hard\libnosys.a
END GROUP
LOAD c:/st/stm32cubeide_1.12.1/stm32cubeide/plugins/com.st.stm32cube.ide.mcu.externaltools.gnu-tools-for-stm32.10.3-2021.10.win32_1.0.200.202301161003/tools/bin/../lib/gcc/arm-none-eabi/10.3.1/thumb/v7e-m+fp/hard/crtend.o
LOAD c:/st/stm32cubeide_1.12.1/stm32cubeide/plugins/com.st.stm32cube.ide.mcu.externaltools.gnu-tools-for-stm32.10.3-2021.10.win32_1.0.200.202301161003/tools/bin/../lib/gcc/arm-none-eabi/10.3.1/thumb/v7e-m+fp/hard/crtn.o
                0x0000000020020000                _estack = (ORIGIN (RAM) + LENGTH (RAM))
                0x0000000000000200                _Min_Heap_Size = 0x200
                0x0000000000000400                _Min_Stack_Size = 0x400

.isr_vector     0x0000000008000000      0x1c4
                0x0000000008000000                . = ALIGN (0x4)
 *(.isr_vector)
 .isr_vector    0x0000000008000000      0x1c4 ./Core/Startup/startup_stm32f446retx.o
                0x0000000008000000                g_pfnVectors
                0x00000000080001c4                . = ALIGN (0x4)

.text           0x00000000080001c4     0x7b20
                0x00000000080001c4                . = ALIGN (0x4)
 *(.text)
 .text          0x00000000080001c4       0x40 c:/st/stm32cubeide_1.12.1/stm32cubeide/plugins/com.st.stm32cube.ide.mcu.externaltools.gnu-tools-for-stm32.10.3-2021.10.win32_1.0.200.202301161003/tools/bin/../lib/gcc/arm-none-eabi/10.3.1/thumb/v7e-m+fp/hard/crtbegin.o
 .text          0x0000000008000204       0x30 c:/st/stm32cubeide_1.12.1/stm32cubeide/plugins/com.st.stm32cube.ide.mcu.externaltools.gnu-tools-for-stm32.10.3-2021.10.win32_1.0.200.202301161003/tools/bin/../lib/gcc/arm-none-eabi/10.3.1/thumb/v7e-m+fp/hard\libgcc.a(_aeabi_uldivmod.o)
                0x0000000008000204                __aeabi_uldivmod
 .text          0x0000000008000234      0x2d0 c:/st/stm32cubeide_1.12.1/stm32cubeide/plugins/com.st.stm32cube.ide.mcu.externaltools.gnu-tools-for-stm32.10.3-2021.10.win32_1.0.200.202301161003/tools/bin/../lib/gcc/arm-none-eabi/10.3.1/thumb/v7e-m+fp/hard\libgcc.a(_udivmoddi4.o)
                0x0000000008000234                __udivmoddi4
 .text          0x0000000008000504        0x4 c:/st/stm32cubeide_1.12.1/stm32cubeide/plugins/com.st.stm32cube.ide.mcu.externaltools.gnu-tools-for-stm32.10.3-2021.10.win32_1.0.200.202301161003/tools/bin/../lib/gcc/arm-none-eabi/10.3.1/thumb/v7e-m+fp/hard\libgcc.a(_dvmd_tls.o)
                0x0000000008000504                __aeabi_idiv0
                0x0000000008000504                __aeabi_ldiv0
 *(.text*)
 .text.main     0x0000000008000508       0x50 ./Core/Src/main.o
                0x0000000008000508                main
 .text.SystemClock_Config
                0x0000000008000558       0xd8 ./Core/Src/main.o
                0x0000000008000558                SystemClock_Config
 .text.MX_USART2_UART_Init
                0x0000000008000630       0x54 ./Core/Src/main.o
 .text.MX_GPIO_Init
                0x0000000008000684       0xdc ./Core/Src/main.o
 .text.Error_Handler
                0x0000000008000760        0xa ./Core/Src/main.o
                0x0000000008000760                Error_Handler
 *fill*         0x000000000800076a        0x2 
 .text.HAL_MspInit
                0x000000000800076c       0x50 ./Core/Src/stm32f4xx_hal_msp.o
                0x000000000800076c                HAL_MspInit
 .text.HAL_UART_MspInit
                0x00000000080007bc       0x90 ./Core/Src/stm32f4xx_hal_msp.o
                0x00000000080007bc                HAL_UART_MspInit
 .text.NMI_Handler
                0x000000000800084c        0x6 ./Core/Src/stm32f4xx_it.o
                0x000000000800084c                NMI_Handler
 .text.HardFault_Handler
                0x0000000008000852        0x6 ./Core/Src/stm32f4xx_it.o
                0x0000000008000852                HardFault_Handler
 .text.MemManage_Handler
                0x0000000008000858        0x6 ./Core/Src/stm32f4xx_it.o
                0x0000000008000858                MemManage_Handler
 .text.BusFault_Handler
                0x000000000800085e        0x6 ./Core/Src/stm32f4xx_it.o
                0x000000000800085e                BusFault_Handler
 .text.UsageFault_Handler
                0x0000000008000864        0x6 ./Core/Src/stm32f4xx_it.o
                0x0000000008000864                UsageFault_Handler
 .text.SVC_Handler
                0x000000000800086a        0xe ./Core/Src/stm32f4xx_it.o
                0x000000000800086a                SVC_Handler
 .text.DebugMon_Handler
                0x0000000008000878        0xe ./Core/Src/stm32f4xx_it.o
                0x0000000008000878                DebugMon_Handler
 .text.PendSV_Handler
                0x0000000008000886        0xe ./Core/Src/stm32f4xx_it.o
                0x0000000008000886                PendSV_Handler
 .text.SysTick_Handler
                0x0000000008000894        0xc ./Core/Src/stm32f4xx_it.o
                0x0000000008000894                SysTick_Handler
 .text.OTG_FS_IRQHandler
                0x00000000080008a0       0x14 ./Core/Src/stm32f4xx_it.o
                0x00000000080008a0                OTG_FS_IRQHandler
 .text.OTG_HS_IRQHandler
                0x00000000080008b4       0x14 ./Core/Src/stm32f4xx_it.o
                0x00000000080008b4                OTG_HS_IRQHandler
 .text.SystemInit
                0x00000000080008c8       0x24 ./Core/Src/system_stm32f4xx.o
                0x00000000080008c8                SystemInit
 .text.Reset_Handler
                0x00000000080008ec       0x50 ./Core/Startup/startup_stm32f446retx.o
                0x00000000080008ec                Reset_Handler
 .text.Default_Handler
                0x000000000800093c        0x2 ./Core/Startup/startup_stm32f446retx.o
                0x000000000800093c                RTC_Alarm_IRQHandler
                0x000000000800093c                EXTI2_IRQHandler
                0x000000000800093c                TIM8_CC_IRQHandler
                0x000000000800093c                FMPI2C1_EV_IRQHandler
                0x000000000800093c                SPI4_IRQHandler
                0x000000000800093c                TIM1_CC_IRQHandler
                0x000000000800093c                DMA2_Stream5_IRQHandler
                0x000000000800093c                DMA1_Stream5_IRQHandler
                0x000000000800093c                PVD_IRQHandler
                0x000000000800093c                SDIO_IRQHandler
                0x000000000800093c                TAMP_STAMP_IRQHandler
                0x000000000800093c                CAN2_RX1_IRQHandler
                0x000000000800093c                EXTI3_IRQHandler
                0x000000000800093c                TIM8_TRG_COM_TIM14_IRQHandler
                0x000000000800093c                TIM1_UP_TIM10_IRQHandler
                0x000000000800093c                TIM8_UP_TIM13_IRQHandler
                0x000000000800093c                I2C3_ER_IRQHandler
                0x000000000800093c                EXTI0_IRQHandler
                0x000000000800093c                I2C2_EV_IRQHandler
                0x000000000800093c                DMA1_Stream2_IRQHandler
                0x000000000800093c                CAN1_RX0_IRQHandler
                0x000000000800093c                FPU_IRQHandler
                0x000000000800093c                OTG_HS_WKUP_IRQHandler
                0x000000000800093c                CAN2_SCE_IRQHandler
                0x000000000800093c                DMA2_Stream2_IRQHandler
                0x000000000800093c                SPI1_IRQHandler
                0x000000000800093c                TIM6_DAC_IRQHandler
                0x000000000800093c                TIM1_BRK_TIM9_IRQHandler
                0x000000000800093c                DCMI_IRQHandler
                0x000000000800093c                CAN2_RX0_IRQHandler
                0x000000000800093c                DMA2_Stream3_IRQHandler
                0x000000000800093c                SAI2_IRQHandler
                0x000000000800093c                USART6_IRQHandler
                0x000000000800093c                USART3_IRQHandler
                0x000000000800093c                CAN1_RX1_IRQHandler
                0x000000000800093c                UART5_IRQHandler
                0x000000000800093c                DMA2_Stream0_IRQHandler
                0x000000000800093c                TIM4_IRQHandler
                0x000000000800093c                QUADSPI_IRQHandler
                0x000000000800093c                I2C1_EV_IRQHandler
                0x000000000800093c                DMA1_Stream6_IRQHandler
                0x000000000800093c                DMA1_Stream1_IRQHandler
                0x000000000800093c                UART4_IRQHandler
                0x000000000800093c                TIM3_IRQHandler
                0x000000000800093c                RCC_IRQHandler
                0x000000000800093c                TIM8_BRK_TIM12_IRQHandler
                0x000000000800093c                Default_Handler
                0x000000000800093c                CEC_IRQHandler
                0x000000000800093c                EXTI15_10_IRQHandler
                0x000000000800093c                ADC_IRQHandler
                0x000000000800093c                DMA1_Stream7_IRQHandler
                0x000000000800093c                TIM7_IRQHandler
                0x000000000800093c                CAN2_TX_IRQHandler
                0x000000000800093c                TIM5_IRQHandler
                0x000000000800093c                DMA2_Stream7_IRQHandler
                0x000000000800093c                I2C3_EV_IRQHandler
                0x000000000800093c                EXTI9_5_IRQHandler
                0x000000000800093c                RTC_WKUP_IRQHandler
                0x000000000800093c                SPDIF_RX_IRQHandler
                0x000000000800093c                SPI2_IRQHandler
                0x000000000800093c                OTG_HS_EP1_IN_IRQHandler
                0x000000000800093c                DMA1_Stream0_IRQHandler
                0x000000000800093c                CAN1_TX_IRQHandler
                0x000000000800093c                FMPI2C1_ER_IRQHandler
                0x000000000800093c                EXTI4_IRQHandler
                0x000000000800093c                OTG_HS_EP1_OUT_IRQHandler
                0x000000000800093c                WWDG_IRQHandler
                0x000000000800093c                TIM2_IRQHandler
                0x000000000800093c                OTG_FS_WKUP_IRQHandler
                0x000000000800093c                TIM1_TRG_COM_TIM11_IRQHandler
                0x000000000800093c                EXTI1_IRQHandler
                0x000000000800093c                USART2_IRQHandler
                0x000000000800093c                I2C2_ER_IRQHandler
                0x000000000800093c                DMA2_Stream1_IRQHandler
                0x000000000800093c                CAN1_SCE_IRQHandler
                0x000000000800093c                FLASH_IRQHandler
                0x000000000800093c                DMA2_Stream4_IRQHandler
                0x000000000800093c                USART1_IRQHandler
                0x000000000800093c                SPI3_IRQHandler
                0x000000000800093c                DMA1_Stream4_IRQHandler
                0x000000000800093c                I2C1_ER_IRQHandler
                0x000000000800093c                FMC_IRQHandler
                0x000000000800093c                DMA2_Stream6_IRQHandler
                0x000000000800093c                SAI1_IRQHandler
                0x000000000800093c                DMA1_Stream3_IRQHandler
 *fill*         0x000000000800093e        0x2 
 .text.HAL_Init
                0x0000000008000940       0x44 ./Drivers/STM32F4xx_HAL_Driver/Src/stm32f4xx_hal.o
                0x0000000008000940                HAL_Init
 .text.HAL_InitTick
                0x0000000008000984       0x60 ./Drivers/STM32F4xx_HAL_Driver/Src/stm32f4xx_hal.o
                0x0000000008000984                HAL_InitTick
 .text.HAL_IncTick
                0x00000000080009e4       0x28 ./Drivers/STM32F4xx_HAL_Driver/Src/stm32f4xx_hal.o
                0x00000000080009e4                HAL_IncTick
 .text.HAL_GetTick
                0x0000000008000a0c       0x18 ./Drivers/STM32F4xx_HAL_Driver/Src/stm32f4xx_hal.o
                0x0000000008000a0c                HAL_GetTick
 .text.HAL_Delay
                0x0000000008000a24       0x48 ./Drivers/STM32F4xx_HAL_Driver/Src/stm32f4xx_hal.o
                0x0000000008000a24                HAL_Delay
 .text.__NVIC_SetPriorityGrouping
                0x0000000008000a6c       0x48 ./Drivers/STM32F4xx_HAL_Driver/Src/stm32f4xx_hal_cortex.o
 .text.__NVIC_GetPriorityGrouping
                0x0000000008000ab4       0x1c ./Drivers/STM32F4xx_HAL_Driver/Src/stm32f4xx_hal_cortex.o
 .text.__NVIC_EnableIRQ
                0x0000000008000ad0       0x3c ./Drivers/STM32F4xx_HAL_Driver/Src/stm32f4xx_hal_cortex.o
 .text.__NVIC_SetPriority
                0x0000000008000b0c       0x54 ./Drivers/STM32F4xx_HAL_Driver/Src/stm32f4xx_hal_cortex.o
 .text.NVIC_EncodePriority
                0x0000000008000b60       0x66 ./Drivers/STM32F4xx_HAL_Driver/Src/stm32f4xx_hal_cortex.o
 *fill*         0x0000000008000bc6        0x2 
 .text.SysTick_Config
                0x0000000008000bc8       0x44 ./Drivers/STM32F4xx_HAL_Driver/Src/stm32f4xx_hal_cortex.o
 .text.HAL_NVIC_SetPriorityGrouping
                0x0000000008000c0c       0x16 ./Drivers/STM32F4xx_HAL_Driver/Src/stm32f4xx_hal_cortex.o
                0x0000000008000c0c                HAL_NVIC_SetPriorityGrouping
 .text.HAL_NVIC_SetPriority
                0x0000000008000c22       0x38 ./Drivers/STM32F4xx_HAL_Driver/Src/stm32f4xx_hal_cortex.o
                0x0000000008000c22                HAL_NVIC_SetPriority
 .text.HAL_NVIC_EnableIRQ
                0x0000000008000c5a       0x1c ./Drivers/STM32F4xx_HAL_Driver/Src/stm32f4xx_hal_cortex.o
                0x0000000008000c5a                HAL_NVIC_EnableIRQ
 .text.HAL_SYSTICK_Config
                0x0000000008000c76       0x18 ./Drivers/STM32F4xx_HAL_Driver/Src/stm32f4xx_hal_cortex.o
                0x0000000008000c76                HAL_SYSTICK_Config
 *fill*         0x0000000008000c8e        0x2 
 .text.HAL_GPIO_Init
                0x0000000008000c90      0x328 ./Drivers/STM32F4xx_HAL_Driver/Src/stm32f4xx_hal_gpio.o
                0x0000000008000c90                HAL_GPIO_Init
 .text.HAL_GPIO_WritePin
                0x0000000008000fb8       0x32 ./Drivers/STM32F4xx_HAL_Driver/Src/stm32f4xx_hal_gpio.o
                0x0000000008000fb8                HAL_GPIO_WritePin
 .text.HAL_PCD_Init
                0x0000000008000fea      0x248 ./Drivers/STM32F4xx_HAL_Driver/Src/stm32f4xx_hal_pcd.o
                0x0000000008000fea                HAL_PCD_Init
 .text.HAL_PCD_Start
                0x0000000008001232       0x66 ./Drivers/STM32F4xx_HAL_Driver/Src/stm32f4xx_hal_pcd.o
                0x0000000008001232                HAL_PCD_Start
 .text.HAL_PCD_IRQHandler
                0x0000000008001298      0x998 ./Drivers/STM32F4xx_HAL_Driver/Src/stm32f4xx_hal_pcd.o
                0x0000000008001298                HAL_PCD_IRQHandler
 .text.HAL_PCD_SetAddress
                0x0000000008001c30       0x4a ./Drivers/STM32F4xx_HAL_Driver/Src/stm32f4xx_hal_pcd.o
                0x0000000008001c30                HAL_PCD_SetAddress
 .text.HAL_PCD_EP_Open
                0x0000000008001c7a       0xd0 ./Drivers/STM32F4xx_HAL_Driver/Src/stm32f4xx_hal_pcd.o
                0x0000000008001c7a                HAL_PCD_EP_Open
 .text.HAL_PCD_EP_Close
                0x0000000008001d4a       0x94 ./Drivers/STM32F4xx_HAL_Driver/Src/stm32f4xx_hal_pcd.o
                0x0000000008001d4a                HAL_PCD_EP_Close
 .text.HAL_PCD_EP_Receive
                0x0000000008001dde       0x96 ./Drivers/STM32F4xx_HAL_Driver/Src/stm32f4xx_hal_pcd.o
                0x0000000008001dde                HAL_PCD_EP_Receive
 .text.HAL_PCD_EP_Transmit
                0x0000000008001e74       0x94 ./Drivers/STM32F4xx_HAL_Driver/Src/stm32f4xx_hal_pcd.o
                0x0000000008001e74                HAL_PCD_EP_Transmit
 .text.HAL_PCD_EP_SetStall
                0x0000000008001f08       0xc8 ./Drivers/STM32F4xx_HAL_Driver/Src/stm32f4xx_hal_pcd.o
                0x0000000008001f08                HAL_PCD_EP_SetStall
 .text.HAL_PCD_EP_ClrStall
                0x0000000008001fd0       0xac ./Drivers/STM32F4xx_HAL_Driver/Src/stm32f4xx_hal_pcd.o
                0x0000000008001fd0                HAL_PCD_EP_ClrStall
 .text.HAL_PCD_EP_Abort
                0x000000000800207c       0x62 ./Drivers/STM32F4xx_HAL_Driver/Src/stm32f4xx_hal_pcd.o
                0x000000000800207c                HAL_PCD_EP_Abort
 .text.PCD_WriteEmptyTxFifo
                0x00000000080020de      0x11a ./Drivers/STM32F4xx_HAL_Driver/Src/stm32f4xx_hal_pcd.o
 .text.PCD_EP_OutXfrComplete_int
                0x00000000080021f8      0x1d0 ./Drivers/STM32F4xx_HAL_Driver/Src/stm32f4xx_hal_pcd.o
 .text.PCD_EP_OutSetupPacket_int
                0x00000000080023c8       0x8c ./Drivers/STM32F4xx_HAL_Driver/Src/stm32f4xx_hal_pcd.o
 .text.HAL_PCDEx_SetTxFiFo
                0x0000000008002454       0x8e ./Drivers/STM32F4xx_HAL_Driver/Src/stm32f4xx_hal_pcd_ex.o
                0x0000000008002454                HAL_PCDEx_SetTxFiFo
 .text.HAL_PCDEx_SetRxFiFo
                0x00000000080024e2       0x22 ./Drivers/STM32F4xx_HAL_Driver/Src/stm32f4xx_hal_pcd_ex.o
                0x00000000080024e2                HAL_PCDEx_SetRxFiFo
 .text.HAL_PCDEx_ActivateLPM
                0x0000000008002504       0x48 ./Drivers/STM32F4xx_HAL_Driver/Src/stm32f4xx_hal_pcd_ex.o
                0x0000000008002504                HAL_PCDEx_ActivateLPM
 .text.HAL_RCC_ClockConfig
                0x000000000800254c      0x1cc ./Drivers/STM32F4xx_HAL_Driver/Src/stm32f4xx_hal_rcc.o
                0x000000000800254c                HAL_RCC_ClockConfig
 .text.HAL_RCC_GetHCLKFreq
                0x0000000008002718       0x18 ./Drivers/STM32F4xx_HAL_Driver/Src/stm32f4xx_hal_rcc.o
                0x0000000008002718                HAL_RCC_GetHCLKFreq
 .text.HAL_RCC_GetPCLK1Freq
                0x0000000008002730       0x28 ./Drivers/STM32F4xx_HAL_Driver/Src/stm32f4xx_hal_rcc.o
                0x0000000008002730                HAL_RCC_GetPCLK1Freq
 .text.HAL_RCC_GetPCLK2Freq
                0x0000000008002758       0x28 ./Drivers/STM32F4xx_HAL_Driver/Src/stm32f4xx_hal_rcc.o
                0x0000000008002758                HAL_RCC_GetPCLK2Freq
 .text.HAL_RCCEx_PeriphCLKConfig
                0x0000000008002780      0x654 ./Drivers/STM32F4xx_HAL_Driver/Src/stm32f4xx_hal_rcc_ex.o
                0x0000000008002780                HAL_RCCEx_PeriphCLKConfig
 .text.HAL_RCC_GetSysClockFreq
                0x0000000008002dd4      0x460 ./Drivers/STM32F4xx_HAL_Driver/Src/stm32f4xx_hal_rcc_ex.o
                0x0000000008002dd4                HAL_RCC_GetSysClockFreq
 .text.HAL_RCC_OscConfig
                0x0000000008003234      0x53c ./Drivers/STM32F4xx_HAL_Driver/Src/stm32f4xx_hal_rcc_ex.o
                0x0000000008003234                HAL_RCC_OscConfig
 .text.HAL_UART_Init
                0x0000000008003770       0x9a ./Drivers/STM32F4xx_HAL_Driver/Src/stm32f4xx_hal_uart.o
                0x0000000008003770                HAL_UART_Init
 *fill*         0x000000000800380a        0x2 
 .text.UART_SetConfig
                0x000000000800380c      0x4e8 ./Drivers/STM32F4xx_HAL_Driver/Src/stm32f4xx_hal_uart.o
 .text.USB_CoreInit
                0x0000000008003cf4       0xc2 ./Drivers/STM32F4xx_HAL_Driver/Src/stm32f4xx_ll_usb.o
                0x0000000008003cf4                USB_CoreInit
 *fill*         0x0000000008003db6        0x2 
 .text.USB_SetTurnaroundTime
                0x0000000008003db8      0x144 ./Drivers/STM32F4xx_HAL_Driver/Src/stm32f4xx_ll_usb.o
                0x0000000008003db8                USB_SetTurnaroundTime
 .text.USB_EnableGlobalInt
                0x0000000008003efc       0x22 ./Drivers/STM32F4xx_HAL_Driver/Src/stm32f4xx_ll_usb.o
                0x0000000008003efc                USB_EnableGlobalInt
 .text.USB_DisableGlobalInt
                0x0000000008003f1e       0x22 ./Drivers/STM32F4xx_HAL_Driver/Src/stm32f4xx_ll_usb.o
                0x0000000008003f1e                USB_DisableGlobalInt
 .text.USB_SetCurrentMode
                0x0000000008003f40       0x98 ./Drivers/STM32F4xx_HAL_Driver/Src/stm32f4xx_ll_usb.o
                0x0000000008003f40                USB_SetCurrentMode
 .text.USB_DevInit
                0x0000000008003fd8      0x2bc ./Drivers/STM32F4xx_HAL_Driver/Src/stm32f4xx_ll_usb.o
                0x0000000008003fd8                USB_DevInit
 .text.USB_FlushTxFifo
                0x0000000008004294       0x68 ./Drivers/STM32F4xx_HAL_Driver/Src/stm32f4xx_ll_usb.o
                0x0000000008004294                USB_FlushTxFifo
 .text.USB_FlushRxFifo
                0x00000000080042fc       0x60 ./Drivers/STM32F4xx_HAL_Driver/Src/stm32f4xx_ll_usb.o
                0x00000000080042fc                USB_FlushRxFifo
 .text.USB_SetDevSpeed
                0x000000000800435c       0x32 ./Drivers/STM32F4xx_HAL_Driver/Src/stm32f4xx_ll_usb.o
                0x000000000800435c                USB_SetDevSpeed
 .text.USB_GetDevSpeed
                0x000000000800438e       0x4a ./Drivers/STM32F4xx_HAL_Driver/Src/stm32f4xx_ll_usb.o
                0x000000000800438e                USB_GetDevSpeed
 .text.USB_ActivateEndpoint
                0x00000000080043d8      0x10e ./Drivers/STM32F4xx_HAL_Driver/Src/stm32f4xx_ll_usb.o
                0x00000000080043d8                USB_ActivateEndpoint
 *fill*         0x00000000080044e6        0x2 
 .text.USB_DeactivateEndpoint
                0x00000000080044e8      0x1b8 ./Drivers/STM32F4xx_HAL_Driver/Src/stm32f4xx_ll_usb.o
                0x00000000080044e8                USB_DeactivateEndpoint
 .text.USB_EPStartXfer
                0x00000000080046a0      0x490 ./Drivers/STM32F4xx_HAL_Driver/Src/stm32f4xx_ll_usb.o
                0x00000000080046a0                USB_EPStartXfer
 .text.USB_EP0StartXfer
                0x0000000008004b30      0x2b0 ./Drivers/STM32F4xx_HAL_Driver/Src/stm32f4xx_ll_usb.o
                0x0000000008004b30                USB_EP0StartXfer
 .text.USB_EPStopXfer
                0x0000000008004de0      0x154 ./Drivers/STM32F4xx_HAL_Driver/Src/stm32f4xx_ll_usb.o
                0x0000000008004de0                USB_EPStopXfer
 .text.USB_WritePacket
                0x0000000008004f34       0x7c ./Drivers/STM32F4xx_HAL_Driver/Src/stm32f4xx_ll_usb.o
                0x0000000008004f34                USB_WritePacket
 .text.USB_ReadPacket
                0x0000000008004fb0       0xb0 ./Drivers/STM32F4xx_HAL_Driver/Src/stm32f4xx_ll_usb.o
                0x0000000008004fb0                USB_ReadPacket
 .text.USB_EPSetStall
                0x0000000008005060       0xdc ./Drivers/STM32F4xx_HAL_Driver/Src/stm32f4xx_ll_usb.o
                0x0000000008005060                USB_EPSetStall
 .text.USB_EPClearStall
                0x000000000800513c       0xcc ./Drivers/STM32F4xx_HAL_Driver/Src/stm32f4xx_ll_usb.o
                0x000000000800513c                USB_EPClearStall
 .text.USB_SetDevAddress
                0x0000000008005208       0x4c ./Drivers/STM32F4xx_HAL_Driver/Src/stm32f4xx_ll_usb.o
                0x0000000008005208                USB_SetDevAddress
 .text.USB_DevConnect
                0x0000000008005254       0x42 ./Drivers/STM32F4xx_HAL_Driver/Src/stm32f4xx_ll_usb.o
                0x0000000008005254                USB_DevConnect
 .text.USB_DevDisconnect
                0x0000000008005296       0x42 ./Drivers/STM32F4xx_HAL_Driver/Src/stm32f4xx_ll_usb.o
                0x0000000008005296                USB_DevDisconnect
 .text.USB_ReadInterrupts
                0x00000000080052d8       0x26 ./Drivers/STM32F4xx_HAL_Driver/Src/stm32f4xx_ll_usb.o
                0x00000000080052d8                USB_ReadInterrupts
 .text.USB_ReadDevAllOutEpInterrupt
                0x00000000080052fe       0x34 ./Drivers/STM32F4xx_HAL_Driver/Src/stm32f4xx_ll_usb.o
                0x00000000080052fe                USB_ReadDevAllOutEpInterrupt
 .text.USB_ReadDevAllInEpInterrupt
                0x0000000008005332       0x34 ./Drivers/STM32F4xx_HAL_Driver/Src/stm32f4xx_ll_usb.o
                0x0000000008005332                USB_ReadDevAllInEpInterrupt
 .text.USB_ReadDevOutEPInterrupt
                0x0000000008005366       0x3c ./Drivers/STM32F4xx_HAL_Driver/Src/stm32f4xx_ll_usb.o
                0x0000000008005366                USB_ReadDevOutEPInterrupt
 .text.USB_ReadDevInEPInterrupt
                0x00000000080053a2       0x5c ./Drivers/STM32F4xx_HAL_Driver/Src/stm32f4xx_ll_usb.o
                0x00000000080053a2                USB_ReadDevInEPInterrupt
 .text.USB_GetMode
                0x00000000080053fe       0x1c ./Drivers/STM32F4xx_HAL_Driver/Src/stm32f4xx_ll_usb.o
                0x00000000080053fe                USB_GetMode
 .text.USB_ActivateSetup
                0x000000000800541a       0x46 ./Drivers/STM32F4xx_HAL_Driver/Src/stm32f4xx_ll_usb.o
                0x000000000800541a                USB_ActivateSetup
 .text.USB_EP0_OutStart
                0x0000000008005460       0xbc ./Drivers/STM32F4xx_HAL_Driver/Src/stm32f4xx_ll_usb.o
                0x0000000008005460                USB_EP0_OutStart
 .text.USB_CoreReset
                0x000000000800551c       0x68 ./Drivers/STM32F4xx_HAL_Driver/Src/stm32f4xx_ll_usb.o
 .text.USBD_HID_Init
                0x0000000008005584       0xcc ./Middlewares/ST/STM32_USB_Device_Library/Class/HID/Src/usbd_hid.o
 .text.USBD_HID_DeInit
                0x0000000008005650       0x90 ./Middlewares/ST/STM32_USB_Device_Library/Class/HID/Src/usbd_hid.o
 .text.USBD_HID_Setup
                0x00000000080056e0      0x210 ./Middlewares/ST/STM32_USB_Device_Library/Class/HID/Src/usbd_hid.o
 .text.USBD_HID_SendReport
                0x00000000080058f0       0x60 ./Middlewares/ST/STM32_USB_Device_Library/Class/HID/Src/usbd_hid.o
                0x00000000080058f0                USBD_HID_SendReport
 .text.USBD_HID_GetFSCfgDesc
                0x0000000008005950       0x34 ./Middlewares/ST/STM32_USB_Device_Library/Class/HID/Src/usbd_hid.o
 .text.USBD_HID_GetHSCfgDesc
                0x0000000008005984       0x34 ./Middlewares/ST/STM32_USB_Device_Library/Class/HID/Src/usbd_hid.o
 .text.USBD_HID_GetOtherSpeedCfgDesc
                0x00000000080059b8       0x34 ./Middlewares/ST/STM32_USB_Device_Library/Class/HID/Src/usbd_hid.o
 .text.USBD_HID_DataIn
                0x00000000080059ec       0x2c ./Middlewares/ST/STM32_USB_Device_Library/Class/HID/Src/usbd_hid.o
 .text.USBD_HID_GetDeviceQualifierDesc
                0x0000000008005a18       0x20 ./Middlewares/ST/STM32_USB_Device_Library/Class/HID/Src/usbd_hid.o
 .text.USBD_Init
                0x0000000008005a38       0x60 ./Middlewares/ST/STM32_USB_Device_Library/Core/Src/usbd_core.o
                0x0000000008005a38                USBD_Init
 .text.USBD_RegisterClass
                0x0000000008005a98       0x6c ./Middlewares/ST/STM32_USB_Device_Library/Core/Src/usbd_core.o
                0x0000000008005a98                USBD_RegisterClass
 .text.USBD_Start
                0x0000000008005b04       0x18 ./Middlewares/ST/STM32_USB_Device_Library/Core/Src/usbd_core.o
                0x0000000008005b04                USBD_Start
 .text.USBD_RunTestMode
                0x0000000008005b1c       0x16 ./Middlewares/ST/STM32_USB_Device_Library/Core/Src/usbd_core.o
                0x0000000008005b1c                USBD_RunTestMode
 .text.USBD_SetClassConfig
                0x0000000008005b32       0x38 ./Middlewares/ST/STM32_USB_Device_Library/Core/Src/usbd_core.o
                0x0000000008005b32                USBD_SetClassConfig
 .text.USBD_ClrClassConfig
                0x0000000008005b6a       0x34 ./Middlewares/ST/STM32_USB_Device_Library/Core/Src/usbd_core.o
                0x0000000008005b6a                USBD_ClrClassConfig
 .text.USBD_LL_SetupStage
                0x0000000008005b9e       0xaa ./Middlewares/ST/STM32_USB_Device_Library/Core/Src/usbd_core.o
                0x0000000008005b9e                USBD_LL_SetupStage
 .text.USBD_LL_DataOutStage
                0x0000000008005c48      0x166 ./Middlewares/ST/STM32_USB_Device_Library/Core/Src/usbd_core.o
                0x0000000008005c48                USBD_LL_DataOutStage
 .text.USBD_LL_DataInStage
                0x0000000008005dae      0x164 ./Middlewares/ST/STM32_USB_Device_Library/Core/Src/usbd_core.o
                0x0000000008005dae                USBD_LL_DataInStage
 .text.USBD_LL_Reset
                0x0000000008005f12       0xa4 ./Middlewares/ST/STM32_USB_Device_Library/Core/Src/usbd_core.o
                0x0000000008005f12                USBD_LL_Reset
 .text.USBD_LL_SetSpeed
                0x0000000008005fb6       0x20 ./Middlewares/ST/STM32_USB_Device_Library/Core/Src/usbd_core.o
                0x0000000008005fb6                USBD_LL_SetSpeed
 .text.USBD_LL_Suspend
                0x0000000008005fd6       0x2c ./Middlewares/ST/STM32_USB_Device_Library/Core/Src/usbd_core.o
                0x0000000008005fd6                USBD_LL_Suspend
 .text.USBD_LL_Resume
                0x0000000008006002       0x30 ./Middlewares/ST/STM32_USB_Device_Library/Core/Src/usbd_core.o
                0x0000000008006002                USBD_LL_Resume
 .text.USBD_LL_SOF
                0x0000000008006032       0x40 ./Middlewares/ST/STM32_USB_Device_Library/Core/Src/usbd_core.o
                0x0000000008006032                USBD_LL_SOF
 .text.USBD_LL_IsoINIncomplete
                0x0000000008006072       0x64 ./Middlewares/ST/STM32_USB_Device_Library/Core/Src/usbd_core.o
                0x0000000008006072                USBD_LL_IsoINIncomplete
 .text.USBD_LL_IsoOUTIncomplete
                0x00000000080060d6       0x64 ./Middlewares/ST/STM32_USB_Device_Library/Core/Src/usbd_core.o
                0x00000000080060d6                USBD_LL_IsoOUTIncomplete
 .text.USBD_LL_DevConnected
                0x000000000800613a       0x16 ./Middlewares/ST/STM32_USB_Device_Library/Core/Src/usbd_core.o
                0x000000000800613a                USBD_LL_DevConnected
 .text.USBD_LL_DevDisconnected
                0x0000000008006150       0x46 ./Middlewares/ST/STM32_USB_Device_Library/Core/Src/usbd_core.o
                0x0000000008006150                USBD_LL_DevDisconnected
 .text.USBD_CoreFindIF
                0x0000000008006196       0x1a ./Middlewares/ST/STM32_USB_Device_Library/Core/Src/usbd_core.o
                0x0000000008006196                USBD_CoreFindIF
 .text.USBD_CoreFindEP
                0x00000000080061b0       0x1a ./Middlewares/ST/STM32_USB_Device_Library/Core/Src/usbd_core.o
                0x00000000080061b0                USBD_CoreFindEP
 .text.USBD_GetEpDesc
                0x00000000080061ca       0x74 ./Middlewares/ST/STM32_USB_Device_Library/Core/Src/usbd_core.o
                0x00000000080061ca                USBD_GetEpDesc
 .text.USBD_GetNextDesc
                0x000000000800623e       0x3a ./Middlewares/ST/STM32_USB_Device_Library/Core/Src/usbd_core.o
                0x000000000800623e                USBD_GetNextDesc
 .text.SWAPBYTE
                0x0000000008006278       0x3c ./Middlewares/ST/STM32_USB_Device_Library/Core/Src/usbd_ctlreq.o
 .text.USBD_StdDevReq
                0x00000000080062b4       0xe4 ./Middlewares/ST/STM32_USB_Device_Library/Core/Src/usbd_ctlreq.o
                0x00000000080062b4                USBD_StdDevReq
 .text.USBD_StdItfReq
                0x0000000008006398       0xd8 ./Middlewares/ST/STM32_USB_Device_Library/Core/Src/usbd_ctlreq.o
                0x0000000008006398                USBD_StdItfReq
 .text.USBD_StdEPReq
                0x0000000008006470      0x33a ./Middlewares/ST/STM32_USB_Device_Library/Core/Src/usbd_ctlreq.o
                0x0000000008006470                USBD_StdEPReq
 *fill*         0x00000000080067aa        0x2 
 .text.USBD_GetDescriptor
                0x00000000080067ac      0x328 ./Middlewares/ST/STM32_USB_Device_Library/Core/Src/usbd_ctlreq.o
 .text.USBD_SetAddress
                0x0000000008006ad4       0x88 ./Middlewares/ST/STM32_USB_Device_Library/Core/Src/usbd_ctlreq.o
 .text.USBD_SetConfig
                0x0000000008006b5c      0x154 ./Middlewares/ST/STM32_USB_Device_Library/Core/Src/usbd_ctlreq.o
 .text.USBD_GetConfig
                0x0000000008006cb0       0x6c ./Middlewares/ST/STM32_USB_Device_Library/Core/Src/usbd_ctlreq.o
 .text.USBD_GetStatus
                0x0000000008006d1c       0x68 ./Middlewares/ST/STM32_USB_Device_Library/Core/Src/usbd_ctlreq.o
 .text.USBD_SetFeature
                0x0000000008006d84       0x52 ./Middlewares/ST/STM32_USB_Device_Library/Core/Src/usbd_ctlreq.o
 .text.USBD_ClrFeature
                0x0000000008006dd6       0x44 ./Middlewares/ST/STM32_USB_Device_Library/Core/Src/usbd_ctlreq.o
 .text.USBD_ParseSetupRequest
                0x0000000008006e1a       0x74 ./Middlewares/ST/STM32_USB_Device_Library/Core/Src/usbd_ctlreq.o
                0x0000000008006e1a                USBD_ParseSetupRequest
 .text.USBD_CtlError
                0x0000000008006e8e       0x22 ./Middlewares/ST/STM32_USB_Device_Library/Core/Src/usbd_ctlreq.o
                0x0000000008006e8e                USBD_CtlError
 .text.USBD_GetString
                0x0000000008006eb0       0x8c ./Middlewares/ST/STM32_USB_Device_Library/Core/Src/usbd_ctlreq.o
                0x0000000008006eb0                USBD_GetString
 .text.USBD_GetLen
                0x0000000008006f3c       0x34 ./Middlewares/ST/STM32_USB_Device_Library/Core/Src/usbd_ctlreq.o
 .text.USBD_CtlSendData
                0x0000000008006f70       0x36 ./Middlewares/ST/STM32_USB_Device_Library/Core/Src/usbd_ioreq.o
                0x0000000008006f70                USBD_CtlSendData
 .text.USBD_CtlContinueSendData
                0x0000000008006fa6       0x22 ./Middlewares/ST/STM32_USB_Device_Library/Core/Src/usbd_ioreq.o
                0x0000000008006fa6                USBD_CtlContinueSendData
 .text.USBD_CtlContinueRx
                0x0000000008006fc8       0x22 ./Middlewares/ST/STM32_USB_Device_Library/Core/Src/usbd_ioreq.o
                0x0000000008006fc8                USBD_CtlContinueRx
 .text.USBD_CtlSendStatus
                0x0000000008006fea       0x26 ./Middlewares/ST/STM32_USB_Device_Library/Core/Src/usbd_ioreq.o
                0x0000000008006fea                USBD_CtlSendStatus
 .text.USBD_CtlReceiveStatus
                0x0000000008007010       0x26 ./Middlewares/ST/STM32_USB_Device_Library/Core/Src/usbd_ioreq.o
                0x0000000008007010                USBD_CtlReceiveStatus
 *fill*         0x0000000008007036        0x2 
 .text.MX_USB_DEVICE_Init
                0x0000000008007038       0x88 ./USB_DEVICE/App/usb_device.o
                0x0000000008007038                MX_USB_DEVICE_Init
 .text.USBD_HS_DeviceDescriptor
                0x00000000080070c0       0x24 ./USB_DEVICE/App/usbd_desc.o
                0x00000000080070c0                USBD_HS_DeviceDescriptor
 .text.USBD_HS_LangIDStrDescriptor
                0x00000000080070e4       0x24 ./USB_DEVICE/App/usbd_desc.o
                0x00000000080070e4                USBD_HS_LangIDStrDescriptor
 .text.USBD_HS_ProductStrDescriptor
                0x0000000008007108       0x3c ./USB_DEVICE/App/usbd_desc.o
                0x0000000008007108                USBD_HS_ProductStrDescriptor
 .text.USBD_HS_ManufacturerStrDescriptor
                0x0000000008007144       0x28 ./USB_DEVICE/App/usbd_desc.o
                0x0000000008007144                USBD_HS_ManufacturerStrDescriptor
 .text.USBD_HS_SerialStrDescriptor
                0x000000000800716c       0x24 ./USB_DEVICE/App/usbd_desc.o
                0x000000000800716c                USBD_HS_SerialStrDescriptor
 .text.USBD_HS_ConfigStrDescriptor
                0x0000000008007190       0x3c ./USB_DEVICE/App/usbd_desc.o
                0x0000000008007190                USBD_HS_ConfigStrDescriptor
 .text.USBD_HS_InterfaceStrDescriptor
                0x00000000080071cc       0x3c ./USB_DEVICE/App/usbd_desc.o
                0x00000000080071cc                USBD_HS_InterfaceStrDescriptor
 .text.USBD_HS_USR_BOSDescriptor
                0x0000000008007208       0x24 ./USB_DEVICE/App/usbd_desc.o
                0x0000000008007208                USBD_HS_USR_BOSDescriptor
 .text.USBD_FS_DeviceDescriptor
                0x000000000800722c       0x24 ./USB_DEVICE/App/usbd_desc.o
                0x000000000800722c                USBD_FS_DeviceDescriptor
 .text.USBD_FS_LangIDStrDescriptor
                0x0000000008007250       0x24 ./USB_DEVICE/App/usbd_desc.o
                0x0000000008007250                USBD_FS_LangIDStrDescriptor
 .text.USBD_FS_ProductStrDescriptor
                0x0000000008007274       0x3c ./USB_DEVICE/App/usbd_desc.o
                0x0000000008007274                USBD_FS_ProductStrDescriptor
 .text.USBD_FS_ManufacturerStrDescriptor
                0x00000000080072b0       0x28 ./USB_DEVICE/App/usbd_desc.o
                0x00000000080072b0                USBD_FS_ManufacturerStrDescriptor
 .text.USBD_FS_SerialStrDescriptor
                0x00000000080072d8       0x24 ./USB_DEVICE/App/usbd_desc.o
                0x00000000080072d8                USBD_FS_SerialStrDescriptor
 .text.USBD_FS_ConfigStrDescriptor
                0x00000000080072fc       0x3c ./USB_DEVICE/App/usbd_desc.o
                0x00000000080072fc                USBD_FS_ConfigStrDescriptor
 .text.USBD_FS_InterfaceStrDescriptor
                0x0000000008007338       0x3c ./USB_DEVICE/App/usbd_desc.o
                0x0000000008007338                USBD_FS_InterfaceStrDescriptor
 .text.USBD_FS_USR_BOSDescriptor
                0x0000000008007374       0x24 ./USB_DEVICE/App/usbd_desc.o
                0x0000000008007374                USBD_FS_USR_BOSDescriptor
 .text.Get_SerialNum
                0x0000000008007398       0x58 ./USB_DEVICE/App/usbd_desc.o
 .text.IntToUnicode
                0x00000000080073f0       0x7e ./USB_DEVICE/App/usbd_desc.o
 *fill*         0x000000000800746e        0x2 
 .text.HAL_PCD_MspInit
                0x0000000008007470      0x178 ./USB_DEVICE/Target/usbd_conf.o
                0x0000000008007470                HAL_PCD_MspInit
 .text.HAL_PCD_SetupStageCallback
                0x00000000080075e8       0x24 ./USB_DEVICE/Target/usbd_conf.o
                0x00000000080075e8                HAL_PCD_SetupStageCallback
 .text.HAL_PCD_DataOutStageCallback
                0x000000000800760c       0x36 ./USB_DEVICE/Target/usbd_conf.o
                0x000000000800760c                HAL_PCD_DataOutStageCallback
 .text.HAL_PCD_DataInStageCallback
                0x0000000008007642       0x34 ./USB_DEVICE/Target/usbd_conf.o
                0x0000000008007642                HAL_PCD_DataInStageCallback
 .text.HAL_PCD_SOFCallback
                0x0000000008007676       0x1c ./USB_DEVICE/Target/usbd_conf.o
                0x0000000008007676                HAL_PCD_SOFCallback
 .text.HAL_PCD_ResetCallback
                0x0000000008007692       0x50 ./USB_DEVICE/Target/usbd_conf.o
                0x0000000008007692                HAL_PCD_ResetCallback
 *fill*         0x00000000080076e2        0x2 
 .text.HAL_PCD_SuspendCallback
                0x00000000080076e4       0x4c ./USB_DEVICE/Target/usbd_conf.o
                0x00000000080076e4                HAL_PCD_SuspendCallback
 .text.HAL_PCD_ResumeCallback
                0x0000000008007730       0x1c ./USB_DEVICE/Target/usbd_conf.o
                0x0000000008007730                HAL_PCD_ResumeCallback
 .text.HAL_PCD_ISOOUTIncompleteCallback
                0x000000000800774c       0x24 ./USB_DEVICE/Target/usbd_conf.o
                0x000000000800774c                HAL_PCD_ISOOUTIncompleteCallback
 .text.HAL_PCD_ISOINIncompleteCallback
                0x0000000008007770       0x24 ./USB_DEVICE/Target/usbd_conf.o
                0x0000000008007770                HAL_PCD_ISOINIncompleteCallback
 .text.HAL_PCD_ConnectCallback
                0x0000000008007794       0x1c ./USB_DEVICE/Target/usbd_conf.o
                0x0000000008007794                HAL_PCD_ConnectCallback
 .text.HAL_PCD_DisconnectCallback
                0x00000000080077b0       0x1c ./USB_DEVICE/Target/usbd_conf.o
                0x00000000080077b0                HAL_PCD_DisconnectCallback
 .text.USBD_LL_Init
                0x00000000080077cc      0x12c ./USB_DEVICE/Target/usbd_conf.o
                0x00000000080077cc                USBD_LL_Init
 .text.USBD_LL_Start
                0x00000000080078f8       0x36 ./USB_DEVICE/Target/usbd_conf.o
                0x00000000080078f8                USBD_LL_Start
 .text.USBD_LL_OpenEP
                0x000000000800792e       0x4c ./USB_DEVICE/Target/usbd_conf.o
                0x000000000800792e                USBD_LL_OpenEP
 .text.USBD_LL_CloseEP
                0x000000000800797a       0x3e ./USB_DEVICE/Target/usbd_conf.o
                0x000000000800797a                USBD_LL_CloseEP
 .text.USBD_LL_StallEP
                0x00000000080079b8       0x3e ./USB_DEVICE/Target/usbd_conf.o
                0x00000000080079b8                USBD_LL_StallEP
 .text.USBD_LL_ClearStallEP
                0x00000000080079f6       0x3e ./USB_DEVICE/Target/usbd_conf.o
                0x00000000080079f6                USBD_LL_ClearStallEP
 .text.USBD_LL_IsStallEP
                0x0000000008007a34       0x58 ./USB_DEVICE/Target/usbd_conf.o
                0x0000000008007a34                USBD_LL_IsStallEP
 .text.USBD_LL_SetUSBAddress
                0x0000000008007a8c       0x3e ./USB_DEVICE/Target/usbd_conf.o
                0x0000000008007a8c                USBD_LL_SetUSBAddress
 .text.USBD_LL_Transmit
                0x0000000008007aca       0x42 ./USB_DEVICE/Target/usbd_conf.o
                0x0000000008007aca                USBD_LL_Transmit
 .text.USBD_LL_PrepareReceive
                0x0000000008007b0c       0x42 ./USB_DEVICE/Target/usbd_conf.o
                0x0000000008007b0c                USBD_LL_PrepareReceive
 *fill*         0x0000000008007b4e        0x2 
 .text.HAL_PCDEx_LPM_Callback
                0x0000000008007b50       0x9c ./USB_DEVICE/Target/usbd_conf.o
                0x0000000008007b50                HAL_PCDEx_LPM_Callback
 .text.USBD_static_malloc
                0x0000000008007bec       0x1c ./USB_DEVICE/Target/usbd_conf.o
                0x0000000008007bec                USBD_static_malloc
 .text.USBD_static_free
                0x0000000008007c08       0x14 ./USB_DEVICE/Target/usbd_conf.o
                0x0000000008007c08                USBD_static_free
 .text.USBD_Get_USB_Status
                0x0000000008007c1c       0x58 ./USB_DEVICE/Target/usbd_conf.o
                0x0000000008007c1c                USBD_Get_USB_Status
 .text.__libc_init_array
                0x0000000008007c74       0x48 c:/st/stm32cubeide_1.12.1/stm32cubeide/plugins/com.st.stm32cube.ide.mcu.externaltools.gnu-tools-for-stm32.10.3-2021.10.win32_1.0.200.202301161003/tools/bin/../lib/gcc/arm-none-eabi/10.3.1/../../../../arm-none-eabi/lib/thumb/v7e-m+fp/hard\libc_nano.a(lib_a-init.o)
                0x0000000008007c74                __libc_init_array
 .text.memset   0x0000000008007cbc       0x10 c:/st/stm32cubeide_1.12.1/stm32cubeide/plugins/com.st.stm32cube.ide.mcu.externaltools.gnu-tools-for-stm32.10.3-2021.10.win32_1.0.200.202301161003/tools/bin/../lib/gcc/arm-none-eabi/10.3.1/../../../../arm-none-eabi/lib/thumb/v7e-m+fp/hard\libc_nano.a(lib_a-memset.o)
                0x0000000008007cbc                memset
 *(.glue_7)
 .glue_7        0x0000000008007ccc        0x0 linker stubs
 *(.glue_7t)
 .glue_7t       0x0000000008007ccc        0x0 linker stubs
 *(.eh_frame)
 .eh_frame      0x0000000008007ccc        0x0 c:/st/stm32cubeide_1.12.1/stm32cubeide/plugins/com.st.stm32cube.ide.mcu.externaltools.gnu-tools-for-stm32.10.3-2021.10.win32_1.0.200.202301161003/tools/bin/../lib/gcc/arm-none-eabi/10.3.1/thumb/v7e-m+fp/hard/crtbegin.o
 *(.init)
 .init          0x0000000008007ccc        0x4 c:/st/stm32cubeide_1.12.1/stm32cubeide/plugins/com.st.stm32cube.ide.mcu.externaltools.gnu-tools-for-stm32.10.3-2021.10.win32_1.0.200.202301161003/tools/bin/../lib/gcc/arm-none-eabi/10.3.1/thumb/v7e-m+fp/hard/crti.o
                0x0000000008007ccc                _init
 .init          0x0000000008007cd0        0x8 c:/st/stm32cubeide_1.12.1/stm32cubeide/plugins/com.st.stm32cube.ide.mcu.externaltools.gnu-tools-for-stm32.10.3-2021.10.win32_1.0.200.202301161003/tools/bin/../lib/gcc/arm-none-eabi/10.3.1/thumb/v7e-m+fp/hard/crtn.o
 *(.fini)
 .fini          0x0000000008007cd8        0x4 c:/st/stm32cubeide_1.12.1/stm32cubeide/plugins/com.st.stm32cube.ide.mcu.externaltools.gnu-tools-for-stm32.10.3-2021.10.win32_1.0.200.202301161003/tools/bin/../lib/gcc/arm-none-eabi/10.3.1/thumb/v7e-m+fp/hard/crti.o
                0x0000000008007cd8                _fini
 .fini          0x0000000008007cdc        0x8 c:/st/stm32cubeide_1.12.1/stm32cubeide/plugins/com.st.stm32cube.ide.mcu.externaltools.gnu-tools-for-stm32.10.3-2021.10.win32_1.0.200.202301161003/tools/bin/../lib/gcc/arm-none-eabi/10.3.1/thumb/v7e-m+fp/hard/crtn.o
                0x0000000008007ce4                . = ALIGN (0x4)
                0x0000000008007ce4                _etext = .

.vfp11_veneer   0x0000000008007ce4        0x0
 .vfp11_veneer  0x0000000008007ce4        0x0 linker stubs

.v4_bx          0x0000000008007ce4        0x0
 .v4_bx         0x0000000008007ce4        0x0 linker stubs

.iplt           0x0000000008007ce4        0x0
 .iplt          0x0000000008007ce4        0x0 c:/st/stm32cubeide_1.12.1/stm32cubeide/plugins/com.st.stm32cube.ide.mcu.externaltools.gnu-tools-for-stm32.10.3-2021.10.win32_1.0.200.202301161003/tools/bin/../lib/gcc/arm-none-eabi/10.3.1/thumb/v7e-m+fp/hard/crtbegin.o

.rodata         0x0000000008007ce4       0x60
                0x0000000008007ce4                . = ALIGN (0x4)
 *(.rodata)
 .rodata        0x0000000008007ce4       0x46 ./USB_DEVICE/App/usbd_desc.o
 *(.rodata*)
 *fill*         0x0000000008007d2a        0x2 
 .rodata.AHBPrescTable
                0x0000000008007d2c       0x10 ./Core/Src/system_stm32f4xx.o
                0x0000000008007d2c                AHBPrescTable
 .rodata.APBPrescTable
                0x0000000008007d3c        0x8 ./Core/Src/system_stm32f4xx.o
                0x0000000008007d3c                APBPrescTable
                0x0000000008007d44                . = ALIGN (0x4)

.ARM.extab      0x0000000008007d44        0x0
                0x0000000008007d44                . = ALIGN (0x4)
 *(.ARM.extab* .gnu.linkonce.armextab.*)
                0x0000000008007d44                . = ALIGN (0x4)

.ARM            0x0000000008007d44        0x8
                0x0000000008007d44                . = ALIGN (0x4)
                0x0000000008007d44                __exidx_start = .
 *(.ARM.exidx*)
 .ARM.exidx     0x0000000008007d44        0x8 c:/st/stm32cubeide_1.12.1/stm32cubeide/plugins/com.st.stm32cube.ide.mcu.externaltools.gnu-tools-for-stm32.10.3-2021.10.win32_1.0.200.202301161003/tools/bin/../lib/gcc/arm-none-eabi/10.3.1/thumb/v7e-m+fp/hard\libgcc.a(_udivmoddi4.o)
                0x0000000008007d4c                __exidx_end = .
                0x0000000008007d4c                . = ALIGN (0x4)

.rel.dyn        0x0000000008007d4c        0x0
 .rel.iplt      0x0000000008007d4c        0x0 c:/st/stm32cubeide_1.12.1/stm32cubeide/plugins/com.st.stm32cube.ide.mcu.externaltools.gnu-tools-for-stm32.10.3-2021.10.win32_1.0.200.202301161003/tools/bin/../lib/gcc/arm-none-eabi/10.3.1/thumb/v7e-m+fp/hard/crtbegin.o

.preinit_array  0x0000000008007d4c        0x0
                0x0000000008007d4c                . = ALIGN (0x4)
                0x0000000008007d4c                PROVIDE (__preinit_array_start = .)
 *(.preinit_array*)
                0x0000000008007d4c                PROVIDE (__preinit_array_end = .)
                0x0000000008007d4c                . = ALIGN (0x4)

.init_array     0x0000000008007d4c        0x4
                0x0000000008007d4c                . = ALIGN (0x4)
                0x0000000008007d4c                PROVIDE (__init_array_start = .)
 *(SORT_BY_NAME(.init_array.*))
 *(.init_array*)
 .init_array    0x0000000008007d4c        0x4 c:/st/stm32cubeide_1.12.1/stm32cubeide/plugins/com.st.stm32cube.ide.mcu.externaltools.gnu-tools-for-stm32.10.3-2021.10.win32_1.0.200.202301161003/tools/bin/../lib/gcc/arm-none-eabi/10.3.1/thumb/v7e-m+fp/hard/crtbegin.o
                0x0000000008007d50                PROVIDE (__init_array_end = .)
                0x0000000008007d50                . = ALIGN (0x4)

.fini_array     0x0000000008007d50        0x4
                0x0000000008007d50                . = ALIGN (0x4)
                [!provide]                        PROVIDE (__fini_array_start = .)
 *(SORT_BY_NAME(.fini_array.*))
 *(.fini_array*)
 .fini_array    0x0000000008007d50        0x4 c:/st/stm32cubeide_1.12.1/stm32cubeide/plugins/com.st.stm32cube.ide.mcu.externaltools.gnu-tools-for-stm32.10.3-2021.10.win32_1.0.200.202301161003/tools/bin/../lib/gcc/arm-none-eabi/10.3.1/thumb/v7e-m+fp/hard/crtbegin.o
                [!provide]                        PROVIDE (__fini_array_end = .)
                0x0000000008007d54                . = ALIGN (0x4)
                0x0000000008007d54                _sidata = LOADADDR (.data)

.data           0x0000000020000000      0x160 load address 0x0000000008007d54
                0x0000000020000000                . = ALIGN (0x4)
                0x0000000020000000                _sdata = .
 *(.data)
 *(.data*)
 .data.SystemCoreClock
                0x0000000020000000        0x4 ./Core/Src/system_stm32f4xx.o
                0x0000000020000000                SystemCoreClock
 .data.uwTickPrio
                0x0000000020000004        0x4 ./Drivers/STM32F4xx_HAL_Driver/Src/stm32f4xx_hal.o
                0x0000000020000004                uwTickPrio
 .data.uwTickFreq
                0x0000000020000008        0x1 ./Drivers/STM32F4xx_HAL_Driver/Src/stm32f4xx_hal.o
                0x0000000020000008                uwTickFreq
 *fill*         0x0000000020000009        0x3 
 .data.USBD_HID
                0x000000002000000c       0x38 ./Middlewares/ST/STM32_USB_Device_Library/Class/HID/Src/usbd_hid.o
                0x000000002000000c                USBD_HID
 .data.USBD_HID_CfgDesc
                0x0000000020000044       0x22 ./Middlewares/ST/STM32_USB_Device_Library/Class/HID/Src/usbd_hid.o
 *fill*         0x0000000020000066        0x2 
 .data.USBD_HID_Desc
                0x0000000020000068        0x9 ./Middlewares/ST/STM32_USB_Device_Library/Class/HID/Src/usbd_hid.o
 *fill*         0x0000000020000071        0x3 
 .data.USBD_HID_DeviceQualifierDesc
                0x0000000020000074        0xa ./Middlewares/ST/STM32_USB_Device_Library/Class/HID/Src/usbd_hid.o
 *fill*         0x000000002000007e        0x2 
 .data.HID_MOUSE_ReportDesc
                0x0000000020000080       0x3f ./Middlewares/ST/STM32_USB_Device_Library/Class/HID/Src/usbd_hid.o
 .data.HIDInEpAdd
                0x00000000200000bf        0x1 ./Middlewares/ST/STM32_USB_Device_Library/Class/HID/Src/usbd_hid.o
 .data.FS_Desc  0x00000000200000c0       0x20 ./USB_DEVICE/App/usbd_desc.o
                0x00000000200000c0                FS_Desc
 .data.USBD_FS_DeviceDesc
                0x00000000200000e0       0x12 ./USB_DEVICE/App/usbd_desc.o
                0x00000000200000e0                USBD_FS_DeviceDesc
 *fill*         0x00000000200000f2        0x2 
 .data.USBD_FS_BOSDesc
                0x00000000200000f4        0xc ./USB_DEVICE/App/usbd_desc.o
                0x00000000200000f4                USBD_FS_BOSDesc
 .data.HS_Desc  0x0000000020000100       0x20 ./USB_DEVICE/App/usbd_desc.o
                0x0000000020000100                HS_Desc
 .data.USBD_HS_DeviceDesc
                0x0000000020000120       0x12 ./USB_DEVICE/App/usbd_desc.o
                0x0000000020000120                USBD_HS_DeviceDesc
 *fill*         0x0000000020000132        0x2 
 .data.USBD_HS_BOSDesc
                0x0000000020000134        0xc ./USB_DEVICE/App/usbd_desc.o
                0x0000000020000134                USBD_HS_BOSDesc
 .data.USBD_LangIDDesc
                0x0000000020000140        0x4 ./USB_DEVICE/App/usbd_desc.o
                0x0000000020000140                USBD_LangIDDesc
 .data.USBD_StringSerial
                0x0000000020000144       0x1a ./USB_DEVICE/App/usbd_desc.o
                0x0000000020000144                USBD_StringSerial
 *(.RamFunc)
 *(.RamFunc*)
                0x0000000020000160                . = ALIGN (0x4)
 *fill*         0x000000002000015e        0x2 
                0x0000000020000160                _edata = .

.igot.plt       0x0000000020000160        0x0 load address 0x0000000008007eb4
 .igot.plt      0x0000000020000160        0x0 c:/st/stm32cubeide_1.12.1/stm32cubeide/plugins/com.st.stm32cube.ide.mcu.externaltools.gnu-tools-for-stm32.10.3-2021.10.win32_1.0.200.202301161003/tools/bin/../lib/gcc/arm-none-eabi/10.3.1/thumb/v7e-m+fp/hard/crtbegin.o
                0x0000000020000160                . = ALIGN (0x4)

.bss            0x0000000020000160     0x1254 load address 0x0000000008007eb4
                0x0000000020000160                _sbss = .
                0x0000000020000160                __bss_start__ = _sbss
 *(.bss)
 .bss           0x0000000020000160       0x1c c:/st/stm32cubeide_1.12.1/stm32cubeide/plugins/com.st.stm32cube.ide.mcu.externaltools.gnu-tools-for-stm32.10.3-2021.10.win32_1.0.200.202301161003/tools/bin/../lib/gcc/arm-none-eabi/10.3.1/thumb/v7e-m+fp/hard/crtbegin.o
 *(.bss*)
 .bss.huart2    0x000000002000017c       0x44 ./Core/Src/main.o
                0x000000002000017c                huart2
 .bss.keyboardhid
                0x00000000200001c0        0x8 ./Core/Src/main.o
                0x00000000200001c0                keyboardhid
 .bss.uwTick    0x00000000200001c8        0x4 ./Drivers/STM32F4xx_HAL_Driver/Src/stm32f4xx_hal.o
                0x00000000200001c8                uwTick
 .bss.cfgidx.0  0x00000000200001cc        0x1 ./Middlewares/ST/STM32_USB_Device_Library/Core/Src/usbd_ctlreq.o
 *fill*         0x00000000200001cd        0x3 
 .bss.hUsbDeviceHS
                0x00000000200001d0      0x2dc ./USB_DEVICE/App/usb_device.o
                0x00000000200001d0                hUsbDeviceHS
 .bss.hUsbDeviceFS
                0x00000000200004ac      0x2dc ./USB_DEVICE/App/usb_device.o
                0x00000000200004ac                hUsbDeviceFS
 .bss.USBD_StrDesc
                0x0000000020000788      0x200 ./USB_DEVICE/App/usbd_desc.o
                0x0000000020000788                USBD_StrDesc
 .bss.hpcd_USB_OTG_FS
                0x0000000020000988      0x50c ./USB_DEVICE/Target/usbd_conf.o
                0x0000000020000988                hpcd_USB_OTG_FS
 .bss.hpcd_USB_OTG_HS
                0x0000000020000e94      0x50c ./USB_DEVICE/Target/usbd_conf.o
                0x0000000020000e94                hpcd_USB_OTG_HS
 .bss.mem.0     0x00000000200013a0       0x14 ./USB_DEVICE/Target/usbd_conf.o
 *(COMMON)
                0x00000000200013b4                . = ALIGN (0x4)
                0x00000000200013b4                _ebss = .
                0x00000000200013b4                __bss_end__ = _ebss

._user_heap_stack
                0x00000000200013b4      0x604 load address 0x0000000008007eb4
                0x00000000200013b8                . = ALIGN (0x8)
 *fill*         0x00000000200013b4        0x4 
                [!provide]                        PROVIDE (end = .)
                0x00000000200013b8                PROVIDE (_end = .)
                0x00000000200015b8                . = (. + _Min_Heap_Size)
 *fill*         0x00000000200013b8      0x200 
                0x00000000200019b8                . = (. + _Min_Stack_Size)
 *fill*         0x00000000200015b8      0x400 
                0x00000000200019b8                . = ALIGN (0x8)

/DISCARD/
 libc.a(*)
 libm.a(*)
 libgcc.a(*)

.ARM.attributes
                0x0000000000000000       0x30
 *(.ARM.attributes)
 .ARM.attributes
                0x0000000000000000       0x1e c:/st/stm32cubeide_1.12.1/stm32cubeide/plugins/com.st.stm32cube.ide.mcu.externaltools.gnu-tools-for-stm32.10.3-2021.10.win32_1.0.200.202301161003/tools/bin/../lib/gcc/arm-none-eabi/10.3.1/thumb/v7e-m+fp/hard/crti.o
 .ARM.attributes
                0x000000000000001e       0x34 c:/st/stm32cubeide_1.12.1/stm32cubeide/plugins/com.st.stm32cube.ide.mcu.externaltools.gnu-tools-for-stm32.10.3-2021.10.win32_1.0.200.202301161003/tools/bin/../lib/gcc/arm-none-eabi/10.3.1/thumb/v7e-m+fp/hard/crtbegin.o
 .ARM.attributes
                0x0000000000000052       0x34 ./Core/Src/main.o
 .ARM.attributes
                0x0000000000000086       0x34 ./Core/Src/stm32f4xx_hal_msp.o
 .ARM.attributes
                0x00000000000000ba       0x34 ./Core/Src/stm32f4xx_it.o
 .ARM.attributes
                0x00000000000000ee       0x34 ./Core/Src/system_stm32f4xx.o
 .ARM.attributes
                0x0000000000000122       0x21 ./Core/Startup/startup_stm32f446retx.o
 .ARM.attributes
                0x0000000000000143       0x34 ./Drivers/STM32F4xx_HAL_Driver/Src/stm32f4xx_hal.o
 .ARM.attributes
                0x0000000000000177       0x34 ./Drivers/STM32F4xx_HAL_Driver/Src/stm32f4xx_hal_cortex.o
 .ARM.attributes
                0x00000000000001ab       0x34 ./Drivers/STM32F4xx_HAL_Driver/Src/stm32f4xx_hal_gpio.o
 .ARM.attributes
                0x00000000000001df       0x34 ./Drivers/STM32F4xx_HAL_Driver/Src/stm32f4xx_hal_pcd.o
 .ARM.attributes
                0x0000000000000213       0x34 ./Drivers/STM32F4xx_HAL_Driver/Src/stm32f4xx_hal_pcd_ex.o
 .ARM.attributes
                0x0000000000000247       0x34 ./Drivers/STM32F4xx_HAL_Driver/Src/stm32f4xx_hal_rcc.o
 .ARM.attributes
                0x000000000000027b       0x34 ./Drivers/STM32F4xx_HAL_Driver/Src/stm32f4xx_hal_rcc_ex.o
 .ARM.attributes
                0x00000000000002af       0x34 ./Drivers/STM32F4xx_HAL_Driver/Src/stm32f4xx_hal_uart.o
 .ARM.attributes
                0x00000000000002e3       0x34 ./Drivers/STM32F4xx_HAL_Driver/Src/stm32f4xx_ll_usb.o
 .ARM.attributes
                0x0000000000000317       0x34 ./Middlewares/ST/STM32_USB_Device_Library/Class/HID/Src/usbd_hid.o
 .ARM.attributes
                0x000000000000034b       0x34 ./Middlewares/ST/STM32_USB_Device_Library/Core/Src/usbd_core.o
 .ARM.attributes
                0x000000000000037f       0x34 ./Middlewares/ST/STM32_USB_Device_Library/Core/Src/usbd_ctlreq.o
 .ARM.attributes
                0x00000000000003b3       0x34 ./Middlewares/ST/STM32_USB_Device_Library/Core/Src/usbd_ioreq.o
 .ARM.attributes
                0x00000000000003e7       0x34 ./USB_DEVICE/App/usb_device.o
 .ARM.attributes
                0x000000000000041b       0x34 ./USB_DEVICE/App/usbd_desc.o
 .ARM.attributes
                0x000000000000044f       0x34 ./USB_DEVICE/Target/usbd_conf.o
 .ARM.attributes
                0x0000000000000483       0x34 c:/st/stm32cubeide_1.12.1/stm32cubeide/plugins/com.st.stm32cube.ide.mcu.externaltools.gnu-tools-for-stm32.10.3-2021.10.win32_1.0.200.202301161003/tools/bin/../lib/gcc/arm-none-eabi/10.3.1/../../../../arm-none-eabi/lib/thumb/v7e-m+fp/hard\libc_nano.a(lib_a-init.o)
 .ARM.attributes
                0x00000000000004b7       0x34 c:/st/stm32cubeide_1.12.1/stm32cubeide/plugins/com.st.stm32cube.ide.mcu.externaltools.gnu-tools-for-stm32.10.3-2021.10.win32_1.0.200.202301161003/tools/bin/../lib/gcc/arm-none-eabi/10.3.1/../../../../arm-none-eabi/lib/thumb/v7e-m+fp/hard\libc_nano.a(lib_a-memset.o)
 .ARM.attributes
                0x00000000000004eb       0x1e c:/st/stm32cubeide_1.12.1/stm32cubeide/plugins/com.st.stm32cube.ide.mcu.externaltools.gnu-tools-for-stm32.10.3-2021.10.win32_1.0.200.202301161003/tools/bin/../lib/gcc/arm-none-eabi/10.3.1/thumb/v7e-m+fp/hard\libgcc.a(_aeabi_uldivmod.o)
 .ARM.attributes
                0x0000000000000509       0x34 c:/st/stm32cubeide_1.12.1/stm32cubeide/plugins/com.st.stm32cube.ide.mcu.externaltools.gnu-tools-for-stm32.10.3-2021.10.win32_1.0.200.202301161003/tools/bin/../lib/gcc/arm-none-eabi/10.3.1/thumb/v7e-m+fp/hard\libgcc.a(_udivmoddi4.o)
 .ARM.attributes
                0x000000000000053d       0x1e c:/st/stm32cubeide_1.12.1/stm32cubeide/plugins/com.st.stm32cube.ide.mcu.externaltools.gnu-tools-for-stm32.10.3-2021.10.win32_1.0.200.202301161003/tools/bin/../lib/gcc/arm-none-eabi/10.3.1/thumb/v7e-m+fp/hard\libgcc.a(_dvmd_tls.o)
 .ARM.attributes
                0x000000000000055b       0x1e c:/st/stm32cubeide_1.12.1/stm32cubeide/plugins/com.st.stm32cube.ide.mcu.externaltools.gnu-tools-for-stm32.10.3-2021.10.win32_1.0.200.202301161003/tools/bin/../lib/gcc/arm-none-eabi/10.3.1/thumb/v7e-m+fp/hard/crtn.o
OUTPUT(nucleo-f446re-keyboard-firmware-experiment.elf elf32-littlearm)
LOAD linker stubs
LOAD c:/st/stm32cubeide_1.12.1/stm32cubeide/plugins/com.st.stm32cube.ide.mcu.externaltools.gnu-tools-for-stm32.10.3-2021.10.win32_1.0.200.202301161003/tools/bin/../lib/gcc/arm-none-eabi/10.3.1/../../../../arm-none-eabi/lib/thumb/v7e-m+fp/hard\libc.a
LOAD c:/st/stm32cubeide_1.12.1/stm32cubeide/plugins/com.st.stm32cube.ide.mcu.externaltools.gnu-tools-for-stm32.10.3-2021.10.win32_1.0.200.202301161003/tools/bin/../lib/gcc/arm-none-eabi/10.3.1/../../../../arm-none-eabi/lib/thumb/v7e-m+fp/hard\libm.a
LOAD c:/st/stm32cubeide_1.12.1/stm32cubeide/plugins/com.st.stm32cube.ide.mcu.externaltools.gnu-tools-for-stm32.10.3-2021.10.win32_1.0.200.202301161003/tools/bin/../lib/gcc/arm-none-eabi/10.3.1/thumb/v7e-m+fp/hard\libgcc.a

.debug_info     0x0000000000000000    0x122b6
 .debug_info    0x0000000000000000     0x1214 ./Core/Src/main.o
 .debug_info    0x0000000000001214      0x9b6 ./Core/Src/stm32f4xx_hal_msp.o
 .debug_info    0x0000000000001bca      0x6d2 ./Core/Src/stm32f4xx_it.o
 .debug_info    0x000000000000229c      0x55b ./Core/Src/system_stm32f4xx.o
 .debug_info    0x00000000000027f7       0x22 ./Core/Startup/startup_stm32f446retx.o
 .debug_info    0x0000000000002819      0x9d2 ./Drivers/STM32F4xx_HAL_Driver/Src/stm32f4xx_hal.o
 .debug_info    0x00000000000031eb      0xe39 ./Drivers/STM32F4xx_HAL_Driver/Src/stm32f4xx_hal_cortex.o
 .debug_info    0x0000000000004024      0x7be ./Drivers/STM32F4xx_HAL_Driver/Src/stm32f4xx_hal_gpio.o
 .debug_info    0x00000000000047e2     0x170f ./Drivers/STM32F4xx_HAL_Driver/Src/stm32f4xx_hal_pcd.o
 .debug_info    0x0000000000005ef1      0x7f3 ./Drivers/STM32F4xx_HAL_Driver/Src/stm32f4xx_hal_pcd_ex.o
 .debug_info    0x00000000000066e4      0x9ab ./Drivers/STM32F4xx_HAL_Driver/Src/stm32f4xx_hal_rcc.o
 .debug_info    0x000000000000708f      0x9ec ./Drivers/STM32F4xx_HAL_Driver/Src/stm32f4xx_hal_rcc_ex.o
 .debug_info    0x0000000000007a7b     0x31bc ./Drivers/STM32F4xx_HAL_Driver/Src/stm32f4xx_hal_uart.o
 .debug_info    0x000000000000ac37     0x1afb ./Drivers/STM32F4xx_HAL_Driver/Src/stm32f4xx_ll_usb.o
 .debug_info    0x000000000000c732      0xb19 ./Middlewares/ST/STM32_USB_Device_Library/Class/HID/Src/usbd_hid.o
 .debug_info    0x000000000000d24b      0xef5 ./Middlewares/ST/STM32_USB_Device_Library/Core/Src/usbd_core.o
 .debug_info    0x000000000000e140      0xb8d ./Middlewares/ST/STM32_USB_Device_Library/Core/Src/usbd_ctlreq.o
 .debug_info    0x000000000000eccd      0x7e8 ./Middlewares/ST/STM32_USB_Device_Library/Core/Src/usbd_ioreq.o
 .debug_info    0x000000000000f4b5      0x68d ./USB_DEVICE/App/usb_device.o
 .debug_info    0x000000000000fb42      0x72a ./USB_DEVICE/App/usbd_desc.o
 .debug_info    0x000000000001026c     0x204a ./USB_DEVICE/Target/usbd_conf.o

.debug_abbrev   0x0000000000000000     0x2c55
 .debug_abbrev  0x0000000000000000      0x2b8 ./Core/Src/main.o
 .debug_abbrev  0x00000000000002b8      0x1b0 ./Core/Src/stm32f4xx_hal_msp.o
 .debug_abbrev  0x0000000000000468      0x199 ./Core/Src/stm32f4xx_it.o
 .debug_abbrev  0x0000000000000601      0x116 ./Core/Src/system_stm32f4xx.o
 .debug_abbrev  0x0000000000000717       0x12 ./Core/Startup/startup_stm32f446retx.o
 .debug_abbrev  0x0000000000000729      0x20d ./Drivers/STM32F4xx_HAL_Driver/Src/stm32f4xx_hal.o
 .debug_abbrev  0x0000000000000936      0x316 ./Drivers/STM32F4xx_HAL_Driver/Src/stm32f4xx_hal_cortex.o
 .debug_abbrev  0x0000000000000c4c      0x1c4 ./Drivers/STM32F4xx_HAL_Driver/Src/stm32f4xx_hal_gpio.o
 .debug_abbrev  0x0000000000000e10      0x2d2 ./Drivers/STM32F4xx_HAL_Driver/Src/stm32f4xx_hal_pcd.o
 .debug_abbrev  0x00000000000010e2      0x1ce ./Drivers/STM32F4xx_HAL_Driver/Src/stm32f4xx_hal_pcd_ex.o
 .debug_abbrev  0x00000000000012b0      0x2aa ./Drivers/STM32F4xx_HAL_Driver/Src/stm32f4xx_hal_rcc.o
 .debug_abbrev  0x000000000000155a      0x1fb ./Drivers/STM32F4xx_HAL_Driver/Src/stm32f4xx_hal_rcc_ex.o
 .debug_abbrev  0x0000000000001755      0x2f4 ./Drivers/STM32F4xx_HAL_Driver/Src/stm32f4xx_hal_uart.o
 .debug_abbrev  0x0000000000001a49      0x296 ./Drivers/STM32F4xx_HAL_Driver/Src/stm32f4xx_ll_usb.o
 .debug_abbrev  0x0000000000001cdf      0x291 ./Middlewares/ST/STM32_USB_Device_Library/Class/HID/Src/usbd_hid.o
 .debug_abbrev  0x0000000000001f70      0x263 ./Middlewares/ST/STM32_USB_Device_Library/Core/Src/usbd_core.o
 .debug_abbrev  0x00000000000021d3      0x25c ./Middlewares/ST/STM32_USB_Device_Library/Core/Src/usbd_ctlreq.o
 .debug_abbrev  0x000000000000242f      0x18a ./Middlewares/ST/STM32_USB_Device_Library/Core/Src/usbd_ioreq.o
 .debug_abbrev  0x00000000000025b9      0x181 ./USB_DEVICE/App/usb_device.o
 .debug_abbrev  0x000000000000273a      0x1f0 ./USB_DEVICE/App/usbd_desc.o
 .debug_abbrev  0x000000000000292a      0x32b ./USB_DEVICE/Target/usbd_conf.o

.debug_aranges  0x0000000000000000      0xdc0
 .debug_aranges
                0x0000000000000000       0x40 ./Core/Src/main.o
 .debug_aranges
                0x0000000000000040       0x30 ./Core/Src/stm32f4xx_hal_msp.o
 .debug_aranges
                0x0000000000000070       0x70 ./Core/Src/stm32f4xx_it.o
 .debug_aranges
                0x00000000000000e0       0x28 ./Core/Src/system_stm32f4xx.o
 .debug_aranges
                0x0000000000000108       0x28 ./Core/Startup/startup_stm32f446retx.o
 .debug_aranges
                0x0000000000000130       0xf0 ./Drivers/STM32F4xx_HAL_Driver/Src/stm32f4xx_hal.o
 .debug_aranges
                0x0000000000000220      0x118 ./Drivers/STM32F4xx_HAL_Driver/Src/stm32f4xx_hal_cortex.o
 .debug_aranges
                0x0000000000000338       0x58 ./Drivers/STM32F4xx_HAL_Driver/Src/stm32f4xx_hal_gpio.o
 .debug_aranges
                0x0000000000000390      0x148 ./Drivers/STM32F4xx_HAL_Driver/Src/stm32f4xx_hal_pcd.o
 .debug_aranges
                0x00000000000004d8       0x48 ./Drivers/STM32F4xx_HAL_Driver/Src/stm32f4xx_hal_pcd_ex.o
 .debug_aranges
                0x0000000000000520       0x88 ./Drivers/STM32F4xx_HAL_Driver/Src/stm32f4xx_hal_rcc.o
 .debug_aranges
                0x00000000000005a8       0x78 ./Drivers/STM32F4xx_HAL_Driver/Src/stm32f4xx_hal_rcc_ex.o
 .debug_aranges
                0x0000000000000620      0x200 ./Drivers/STM32F4xx_HAL_Driver/Src/stm32f4xx_hal_uart.o
 .debug_aranges
                0x0000000000000820      0x1a0 ./Drivers/STM32F4xx_HAL_Driver/Src/stm32f4xx_ll_usb.o
 .debug_aranges
                0x00000000000009c0       0x68 ./Middlewares/ST/STM32_USB_Device_Library/Class/HID/Src/usbd_hid.o
 .debug_aranges
                0x0000000000000a28       0xd8 ./Middlewares/ST/STM32_USB_Device_Library/Core/Src/usbd_core.o
 .debug_aranges
                0x0000000000000b00       0x90 ./Middlewares/ST/STM32_USB_Device_Library/Core/Src/usbd_ctlreq.o
 .debug_aranges
                0x0000000000000b90       0x50 ./Middlewares/ST/STM32_USB_Device_Library/Core/Src/usbd_ioreq.o
 .debug_aranges
                0x0000000000000be0       0x20 ./USB_DEVICE/App/usb_device.o
 .debug_aranges
                0x0000000000000c00       0xa8 ./USB_DEVICE/App/usbd_desc.o
 .debug_aranges
                0x0000000000000ca8      0x118 ./USB_DEVICE/Target/usbd_conf.o

.debug_ranges   0x0000000000000000      0xca8
 .debug_ranges  0x0000000000000000       0x30 ./Core/Src/main.o
 .debug_ranges  0x0000000000000030       0x20 ./Core/Src/stm32f4xx_hal_msp.o
 .debug_ranges  0x0000000000000050       0x60 ./Core/Src/stm32f4xx_it.o
 .debug_ranges  0x00000000000000b0       0x18 ./Core/Src/system_stm32f4xx.o
 .debug_ranges  0x00000000000000c8       0x20 ./Core/Startup/startup_stm32f446retx.o
 .debug_ranges  0x00000000000000e8       0xe0 ./Drivers/STM32F4xx_HAL_Driver/Src/stm32f4xx_hal.o
 .debug_ranges  0x00000000000001c8      0x108 ./Drivers/STM32F4xx_HAL_Driver/Src/stm32f4xx_hal_cortex.o
 .debug_ranges  0x00000000000002d0       0x48 ./Drivers/STM32F4xx_HAL_Driver/Src/stm32f4xx_hal_gpio.o
 .debug_ranges  0x0000000000000318      0x138 ./Drivers/STM32F4xx_HAL_Driver/Src/stm32f4xx_hal_pcd.o
 .debug_ranges  0x0000000000000450       0x38 ./Drivers/STM32F4xx_HAL_Driver/Src/stm32f4xx_hal_pcd_ex.o
 .debug_ranges  0x0000000000000488       0x78 ./Drivers/STM32F4xx_HAL_Driver/Src/stm32f4xx_hal_rcc.o
 .debug_ranges  0x0000000000000500       0x68 ./Drivers/STM32F4xx_HAL_Driver/Src/stm32f4xx_hal_rcc_ex.o
 .debug_ranges  0x0000000000000568      0x220 ./Drivers/STM32F4xx_HAL_Driver/Src/stm32f4xx_hal_uart.o
 .debug_ranges  0x0000000000000788      0x190 ./Drivers/STM32F4xx_HAL_Driver/Src/stm32f4xx_ll_usb.o
 .debug_ranges  0x0000000000000918       0x58 ./Middlewares/ST/STM32_USB_Device_Library/Class/HID/Src/usbd_hid.o
 .debug_ranges  0x0000000000000970       0xc8 ./Middlewares/ST/STM32_USB_Device_Library/Core/Src/usbd_core.o
 .debug_ranges  0x0000000000000a38       0x80 ./Middlewares/ST/STM32_USB_Device_Library/Core/Src/usbd_ctlreq.o
 .debug_ranges  0x0000000000000ab8       0x40 ./Middlewares/ST/STM32_USB_Device_Library/Core/Src/usbd_ioreq.o
 .debug_ranges  0x0000000000000af8       0x10 ./USB_DEVICE/App/usb_device.o
 .debug_ranges  0x0000000000000b08       0x98 ./USB_DEVICE/App/usbd_desc.o
 .debug_ranges  0x0000000000000ba0      0x108 ./USB_DEVICE/Target/usbd_conf.o

.debug_macro    0x0000000000000000    0x23c4d
 .debug_macro   0x0000000000000000      0x413 ./Core/Src/main.o
 .debug_macro   0x0000000000000413      0xa78 ./Core/Src/main.o
 .debug_macro   0x0000000000000e8b      0x29b ./Core/Src/main.o
 .debug_macro   0x0000000000001126       0x2e ./Core/Src/main.o
 .debug_macro   0x0000000000001154       0x28 ./Core/Src/main.o
 .debug_macro   0x000000000000117c       0x22 ./Core/Src/main.o
 .debug_macro   0x000000000000119e       0x8e ./Core/Src/main.o
 .debug_macro   0x000000000000122c       0x51 ./Core/Src/main.o
 .debug_macro   0x000000000000127d      0x103 ./Core/Src/main.o
 .debug_macro   0x0000000000001380       0x6a ./Core/Src/main.o
 .debug_macro   0x00000000000013ea      0x1df ./Core/Src/main.o
 .debug_macro   0x00000000000015c9       0x1c ./Core/Src/main.o
 .debug_macro   0x00000000000015e5       0x22 ./Core/Src/main.o
 .debug_macro   0x0000000000001607       0xd9 ./Core/Src/main.o
 .debug_macro   0x00000000000016e0     0x102d ./Core/Src/main.o
 .debug_macro   0x000000000000270d      0x11f ./Core/Src/main.o
 .debug_macro   0x000000000000282c    0x16749 ./Core/Src/main.o
 .debug_macro   0x0000000000018f75       0x6d ./Core/Src/main.o
 .debug_macro   0x0000000000018fe2     0x367e ./Core/Src/main.o
 .debug_macro   0x000000000001c660      0x174 ./Core/Src/main.o
 .debug_macro   0x000000000001c7d4       0x5c ./Core/Src/main.o
 .debug_macro   0x000000000001c830      0xc90 ./Core/Src/main.o
 .debug_macro   0x000000000001d4c0      0x9fe ./Core/Src/main.o
 .debug_macro   0x000000000001debe      0x115 ./Core/Src/main.o
 .debug_macro   0x000000000001dfd3      0x1a0 ./Core/Src/main.o
 .debug_macro   0x000000000001e173       0xa5 ./Core/Src/main.o
 .debug_macro   0x000000000001e218      0x16d ./Core/Src/main.o
 .debug_macro   0x000000000001e385      0x287 ./Core/Src/main.o
 .debug_macro   0x000000000001e60c       0x5f ./Core/Src/main.o
 .debug_macro   0x000000000001e66b      0x236 ./Core/Src/main.o
 .debug_macro   0x000000000001e8a1      0x132 ./Core/Src/main.o
 .debug_macro   0x000000000001e9d3      0x29c ./Core/Src/main.o
 .debug_macro   0x000000000001ec6f       0x2e ./Core/Src/main.o
 .debug_macro   0x000000000001ec9d      0x11a ./Core/Src/main.o
 .debug_macro   0x000000000001edb7       0xe8 ./Core/Src/main.o
 .debug_macro   0x000000000001ee9f       0x89 ./Core/Src/main.o
 .debug_macro   0x000000000001ef28      0x295 ./Core/Src/main.o
 .debug_macro   0x000000000001f1bd      0x248 ./Core/Src/main.o
 .debug_macro   0x000000000001f405       0xba ./Core/Src/main.o
 .debug_macro   0x000000000001f4bf      0x126 ./Core/Src/main.o
 .debug_macro   0x000000000001f5e5       0x58 ./Core/Src/main.o
 .debug_macro   0x000000000001f63d       0x52 ./Core/Src/main.o
 .debug_macro   0x000000000001f68f       0x1e ./Core/Src/main.o
 .debug_macro   0x000000000001f6ad       0x3c ./Core/Src/main.o
 .debug_macro   0x000000000001f6e9       0x34 ./Core/Src/main.o
 .debug_macro   0x000000000001f71d       0x16 ./Core/Src/main.o
 .debug_macro   0x000000000001f733       0x35 ./Core/Src/main.o
 .debug_macro   0x000000000001f768      0x341 ./Core/Src/main.o
 .debug_macro   0x000000000001faa9       0x10 ./Core/Src/main.o
 .debug_macro   0x000000000001fab9       0x16 ./Core/Src/main.o
 .debug_macro   0x000000000001facf       0x43 ./Core/Src/main.o
 .debug_macro   0x000000000001fb12       0x34 ./Core/Src/main.o
 .debug_macro   0x000000000001fb46       0x10 ./Core/Src/main.o
 .debug_macro   0x000000000001fb56       0x58 ./Core/Src/main.o
 .debug_macro   0x000000000001fbae       0x71 ./Core/Src/main.o
 .debug_macro   0x000000000001fc1f       0x1c ./Core/Src/main.o
 .debug_macro   0x000000000001fc3b      0x12a ./Core/Src/main.o
 .debug_macro   0x000000000001fd65       0x10 ./Core/Src/main.o
 .debug_macro   0x000000000001fd75       0x1c ./Core/Src/main.o
 .debug_macro   0x000000000001fd91       0x52 ./Core/Src/main.o
 .debug_macro   0x000000000001fde3       0x22 ./Core/Src/main.o
 .debug_macro   0x000000000001fe05       0x10 ./Core/Src/main.o
 .debug_macro   0x000000000001fe15       0x52 ./Core/Src/main.o
 .debug_macro   0x000000000001fe67       0xd5 ./Core/Src/main.o
 .debug_macro   0x000000000001ff3c       0x1c ./Core/Src/main.o
 .debug_macro   0x000000000001ff58       0x3d ./Core/Src/main.o
 .debug_macro   0x000000000001ff95       0x16 ./Core/Src/main.o
 .debug_macro   0x000000000001ffab      0x145 ./Core/Src/main.o
 .debug_macro   0x00000000000200f0       0x16 ./Core/Src/main.o
 .debug_macro   0x0000000000020106       0x16 ./Core/Src/main.o
 .debug_macro   0x000000000002011c       0x29 ./Core/Src/main.o
 .debug_macro   0x0000000000020145       0x16 ./Core/Src/main.o
 .debug_macro   0x000000000002015b       0x20 ./Core/Src/main.o
 .debug_macro   0x000000000002017b       0x71 ./Core/Src/main.o
 .debug_macro   0x00000000000201ec      0x20f ./Core/Src/main.o
 .debug_macro   0x00000000000203fb       0x59 ./Core/Src/main.o
 .debug_macro   0x0000000000020454      0x1ed ./Core/Src/stm32f4xx_hal_msp.o
 .debug_macro   0x0000000000020641      0x1f7 ./Core/Src/stm32f4xx_it.o
 .debug_macro   0x0000000000020838      0x1de ./Core/Src/system_stm32f4xx.o
 .debug_macro   0x0000000000020a16      0x23e ./Drivers/STM32F4xx_HAL_Driver/Src/stm32f4xx_hal.o
 .debug_macro   0x0000000000020c54      0x1de ./Drivers/STM32F4xx_HAL_Driver/Src/stm32f4xx_hal_cortex.o
 .debug_macro   0x0000000000020e32      0x1e4 ./Drivers/STM32F4xx_HAL_Driver/Src/stm32f4xx_hal_gpio.o
 .debug_macro   0x0000000000021016      0x1ea ./Drivers/STM32F4xx_HAL_Driver/Src/stm32f4xx_hal_pcd.o
 .debug_macro   0x0000000000021200      0x1de ./Drivers/STM32F4xx_HAL_Driver/Src/stm32f4xx_hal_pcd_ex.o
 .debug_macro   0x00000000000213de      0x202 ./Drivers/STM32F4xx_HAL_Driver/Src/stm32f4xx_hal_rcc.o
 .debug_macro   0x00000000000215e0      0x1de ./Drivers/STM32F4xx_HAL_Driver/Src/stm32f4xx_hal_rcc_ex.o
 .debug_macro   0x00000000000217be      0x1df ./Drivers/STM32F4xx_HAL_Driver/Src/stm32f4xx_hal_uart.o
 .debug_macro   0x000000000002199d      0x1de ./Drivers/STM32F4xx_HAL_Driver/Src/stm32f4xx_ll_usb.o
 .debug_macro   0x0000000000021b7b      0x403 ./Middlewares/ST/STM32_USB_Device_Library/Class/HID/Src/usbd_hid.o
 .debug_macro   0x0000000000021f7e       0x97 ./Middlewares/ST/STM32_USB_Device_Library/Class/HID/Src/usbd_hid.o
 .debug_macro   0x0000000000022015       0xfd ./Middlewares/ST/STM32_USB_Device_Library/Class/HID/Src/usbd_hid.o
 .debug_macro   0x0000000000022112       0x56 ./Middlewares/ST/STM32_USB_Device_Library/Class/HID/Src/usbd_hid.o
 .debug_macro   0x0000000000022168      0x3ea ./Middlewares/ST/STM32_USB_Device_Library/Core/Src/usbd_core.o
 .debug_macro   0x0000000000022552      0x215 ./Middlewares/ST/STM32_USB_Device_Library/Core/Src/usbd_core.o
 .debug_macro   0x0000000000022767      0x3f4 ./Middlewares/ST/STM32_USB_Device_Library/Core/Src/usbd_ctlreq.o
 .debug_macro   0x0000000000022b5b      0x3f0 ./Middlewares/ST/STM32_USB_Device_Library/Core/Src/usbd_ioreq.o
 .debug_macro   0x0000000000022f4b      0x41a ./USB_DEVICE/App/usb_device.o
 .debug_macro   0x0000000000023365       0x5e ./USB_DEVICE/App/usb_device.o
 .debug_macro   0x00000000000233c3       0x22 ./USB_DEVICE/App/usb_device.o
 .debug_macro   0x00000000000233e5      0x445 ./USB_DEVICE/App/usbd_desc.o
 .debug_macro   0x000000000002382a       0x1c ./USB_DEVICE/App/usbd_desc.o
 .debug_macro   0x0000000000023846      0x407 ./USB_DEVICE/Target/usbd_conf.o

.debug_line     0x0000000000000000    0x122bf
 .debug_line    0x0000000000000000      0xb17 ./Core/Src/main.o
 .debug_line    0x0000000000000b17      0x727 ./Core/Src/stm32f4xx_hal_msp.o
 .debug_line    0x000000000000123e      0x7cc ./Core/Src/stm32f4xx_it.o
 .debug_line    0x0000000000001a0a      0x75b ./Core/Src/system_stm32f4xx.o
 .debug_line    0x0000000000002165       0x88 ./Core/Startup/startup_stm32f446retx.o
 .debug_line    0x00000000000021ed      0x9c1 ./Drivers/STM32F4xx_HAL_Driver/Src/stm32f4xx_hal.o
 .debug_line    0x0000000000002bae      0xc70 ./Drivers/STM32F4xx_HAL_Driver/Src/stm32f4xx_hal_cortex.o
 .debug_line    0x000000000000381e      0xb21 ./Drivers/STM32F4xx_HAL_Driver/Src/stm32f4xx_hal_gpio.o
 .debug_line    0x000000000000433f     0x148b ./Drivers/STM32F4xx_HAL_Driver/Src/stm32f4xx_hal_pcd.o
 .debug_line    0x00000000000057ca      0x7eb ./Drivers/STM32F4xx_HAL_Driver/Src/stm32f4xx_hal_pcd_ex.o
 .debug_line    0x0000000000005fb5      0xd49 ./Drivers/STM32F4xx_HAL_Driver/Src/stm32f4xx_hal_rcc.o
 .debug_line    0x0000000000006cfe     0x13d4 ./Drivers/STM32F4xx_HAL_Driver/Src/stm32f4xx_hal_rcc_ex.o
 .debug_line    0x00000000000080d2     0x2a66 ./Drivers/STM32F4xx_HAL_Driver/Src/stm32f4xx_hal_uart.o
 .debug_line    0x000000000000ab38     0x1a7f ./Drivers/STM32F4xx_HAL_Driver/Src/stm32f4xx_ll_usb.o
 .debug_line    0x000000000000c5b7      0xc93 ./Middlewares/ST/STM32_USB_Device_Library/Class/HID/Src/usbd_hid.o
 .debug_line    0x000000000000d24a      0xf68 ./Middlewares/ST/STM32_USB_Device_Library/Core/Src/usbd_core.o
 .debug_line    0x000000000000e1b2     0x1156 ./Middlewares/ST/STM32_USB_Device_Library/Core/Src/usbd_ctlreq.o
 .debug_line    0x000000000000f308      0xa80 ./Middlewares/ST/STM32_USB_Device_Library/Core/Src/usbd_ioreq.o
 .debug_line    0x000000000000fd88      0xa3d ./USB_DEVICE/App/usb_device.o
 .debug_line    0x00000000000107c5      0xc01 ./USB_DEVICE/App/usbd_desc.o
 .debug_line    0x00000000000113c6      0xef9 ./USB_DEVICE/Target/usbd_conf.o

.debug_str      0x0000000000000000    0xcc294
 .debug_str     0x0000000000000000    0xc8649 ./Core/Src/main.o
                                      0xc89fa (size before relaxing)
 .debug_str     0x00000000000c8649       0x83 ./Core/Src/stm32f4xx_hal_msp.o
                                      0xc3903 (size before relaxing)
 .debug_str     0x00000000000c86cc      0x48c ./Core/Src/stm32f4xx_it.o
                                      0xc37bf (size before relaxing)
 .debug_str     0x00000000000c8b58       0xdb ./Core/Src/system_stm32f4xx.o
                                      0xc3379 (size before relaxing)
 .debug_str     0x00000000000c8c33       0x36 ./Core/Startup/startup_stm32f446retx.o
                                         0x99 (size before relaxing)
 .debug_str     0x00000000000c8c69      0xb11 ./Drivers/STM32F4xx_HAL_Driver/Src/stm32f4xx_hal.o
                                      0xc3f3e (size before relaxing)
 .debug_str     0x00000000000c977a      0x34d ./Drivers/STM32F4xx_HAL_Driver/Src/stm32f4xx_hal_cortex.o
                                      0xc3c4c (size before relaxing)
 .debug_str     0x00000000000c9ac7      0x121 ./Drivers/STM32F4xx_HAL_Driver/Src/stm32f4xx_hal_gpio.o
                                      0xc34f4 (size before relaxing)
 .debug_str     0x00000000000c9be8      0x853 ./Drivers/STM32F4xx_HAL_Driver/Src/stm32f4xx_hal_pcd.o
                                      0xc3e6e (size before relaxing)
 .debug_str     0x00000000000ca43b      0x12d ./Drivers/STM32F4xx_HAL_Driver/Src/stm32f4xx_hal_pcd_ex.o
                                      0xc376f (size before relaxing)
 .debug_str     0x00000000000ca568      0x21f ./Drivers/STM32F4xx_HAL_Driver/Src/stm32f4xx_hal_rcc.o
                                      0xc37b2 (size before relaxing)
 .debug_str     0x00000000000ca787      0x324 ./Drivers/STM32F4xx_HAL_Driver/Src/stm32f4xx_hal_rcc_ex.o
                                      0xc37e5 (size before relaxing)
 .debug_str     0x00000000000caaab      0x644 ./Drivers/STM32F4xx_HAL_Driver/Src/stm32f4xx_hal_uart.o
                                      0xc3d27 (size before relaxing)
 .debug_str     0x00000000000cb0ef      0x42f ./Drivers/STM32F4xx_HAL_Driver/Src/stm32f4xx_ll_usb.o
                                      0xc3cb7 (size before relaxing)
 .debug_str     0x00000000000cb51e      0x2ec ./Middlewares/ST/STM32_USB_Device_Library/Class/HID/Src/usbd_hid.o
                                      0xc8490 (size before relaxing)
 .debug_str     0x00000000000cb80a      0x366 ./Middlewares/ST/STM32_USB_Device_Library/Core/Src/usbd_core.o
                                      0xc843f (size before relaxing)
 .debug_str     0x00000000000cbb70      0x139 ./Middlewares/ST/STM32_USB_Device_Library/Core/Src/usbd_ctlreq.o
                                      0xc826a (size before relaxing)
 .debug_str     0x00000000000cbca9       0x79 ./Middlewares/ST/STM32_USB_Device_Library/Core/Src/usbd_ioreq.o
                                      0xc813f (size before relaxing)
 .debug_str     0x00000000000cbd22       0xb7 ./USB_DEVICE/App/usb_device.o
                                      0xc82b2 (size before relaxing)
 .debug_str     0x00000000000cbdd9      0x434 ./USB_DEVICE/App/usbd_desc.o
                                      0xc820d (size before relaxing)
 .debug_str     0x00000000000cc20d       0x87 ./USB_DEVICE/Target/usbd_conf.o
                                      0xc945c (size before relaxing)

.comment        0x0000000000000000       0x50
 .comment       0x0000000000000000       0x50 ./Core/Src/main.o
                                         0x51 (size before relaxing)
 .comment       0x0000000000000050       0x51 ./Core/Src/stm32f4xx_hal_msp.o
 .comment       0x0000000000000050       0x51 ./Core/Src/stm32f4xx_it.o
 .comment       0x0000000000000050       0x51 ./Core/Src/system_stm32f4xx.o
 .comment       0x0000000000000050       0x51 ./Drivers/STM32F4xx_HAL_Driver/Src/stm32f4xx_hal.o
 .comment       0x0000000000000050       0x51 ./Drivers/STM32F4xx_HAL_Driver/Src/stm32f4xx_hal_cortex.o
 .comment       0x0000000000000050       0x51 ./Drivers/STM32F4xx_HAL_Driver/Src/stm32f4xx_hal_gpio.o
 .comment       0x0000000000000050       0x51 ./Drivers/STM32F4xx_HAL_Driver/Src/stm32f4xx_hal_pcd.o
 .comment       0x0000000000000050       0x51 ./Drivers/STM32F4xx_HAL_Driver/Src/stm32f4xx_hal_pcd_ex.o
 .comment       0x0000000000000050       0x51 ./Drivers/STM32F4xx_HAL_Driver/Src/stm32f4xx_hal_rcc.o
 .comment       0x0000000000000050       0x51 ./Drivers/STM32F4xx_HAL_Driver/Src/stm32f4xx_hal_rcc_ex.o
 .comment       0x0000000000000050       0x51 ./Drivers/STM32F4xx_HAL_Driver/Src/stm32f4xx_hal_uart.o
 .comment       0x0000000000000050       0x51 ./Drivers/STM32F4xx_HAL_Driver/Src/stm32f4xx_ll_usb.o
 .comment       0x0000000000000050       0x51 ./Middlewares/ST/STM32_USB_Device_Library/Class/HID/Src/usbd_hid.o
 .comment       0x0000000000000050       0x51 ./Middlewares/ST/STM32_USB_Device_Library/Core/Src/usbd_core.o
 .comment       0x0000000000000050       0x51 ./Middlewares/ST/STM32_USB_Device_Library/Core/Src/usbd_ctlreq.o
 .comment       0x0000000000000050       0x51 ./Middlewares/ST/STM32_USB_Device_Library/Core/Src/usbd_ioreq.o
 .comment       0x0000000000000050       0x51 ./USB_DEVICE/App/usb_device.o
 .comment       0x0000000000000050       0x51 ./USB_DEVICE/App/usbd_desc.o
 .comment       0x0000000000000050       0x51 ./USB_DEVICE/Target/usbd_conf.o

.debug_frame    0x0000000000000000     0x3820
 .debug_frame   0x0000000000000000       0xa8 ./Core/Src/main.o
 .debug_frame   0x00000000000000a8       0x7c ./Core/Src/stm32f4xx_hal_msp.o
 .debug_frame   0x0000000000000124      0x13c ./Core/Src/stm32f4xx_it.o
 .debug_frame   0x0000000000000260       0x58 ./Core/Src/system_stm32f4xx.o
 .debug_frame   0x00000000000002b8      0x374 ./Drivers/STM32F4xx_HAL_Driver/Src/stm32f4xx_hal.o
 .debug_frame   0x000000000000062c      0x498 ./Drivers/STM32F4xx_HAL_Driver/Src/stm32f4xx_hal_cortex.o
 .debug_frame   0x0000000000000ac4      0x14c ./Drivers/STM32F4xx_HAL_Driver/Src/stm32f4xx_hal_gpio.o
 .debug_frame   0x0000000000000c10      0x5bc ./Drivers/STM32F4xx_HAL_Driver/Src/stm32f4xx_hal_pcd.o
 .debug_frame   0x00000000000011cc      0x100 ./Drivers/STM32F4xx_HAL_Driver/Src/stm32f4xx_hal_pcd_ex.o
 .debug_frame   0x00000000000012cc      0x1f4 ./Drivers/STM32F4xx_HAL_Driver/Src/stm32f4xx_hal_rcc.o
 .debug_frame   0x00000000000014c0      0x1e8 ./Drivers/STM32F4xx_HAL_Driver/Src/stm32f4xx_hal_rcc_ex.o
 .debug_frame   0x00000000000016a8      0x92c ./Drivers/STM32F4xx_HAL_Driver/Src/stm32f4xx_hal_uart.o
 .debug_frame   0x0000000000001fd4      0x7c0 ./Drivers/STM32F4xx_HAL_Driver/Src/stm32f4xx_ll_usb.o
 .debug_frame   0x0000000000002794      0x184 ./Middlewares/ST/STM32_USB_Device_Library/Class/HID/Src/usbd_hid.o
 .debug_frame   0x0000000000002918      0x390 ./Middlewares/ST/STM32_USB_Device_Library/Core/Src/usbd_core.o
 .debug_frame   0x0000000000002ca8      0x23c ./Middlewares/ST/STM32_USB_Device_Library/Core/Src/usbd_ctlreq.o
 .debug_frame   0x0000000000002ee4      0x10c ./Middlewares/ST/STM32_USB_Device_Library/Core/Src/usbd_ioreq.o
 .debug_frame   0x0000000000002ff0       0x2c ./USB_DEVICE/App/usb_device.o
 .debug_frame   0x000000000000301c      0x2b4 ./USB_DEVICE/App/usbd_desc.o
 .debug_frame   0x00000000000032d0      0x4a4 ./USB_DEVICE/Target/usbd_conf.o
 .debug_frame   0x0000000000003774       0x2c c:/st/stm32cubeide_1.12.1/stm32cubeide/plugins/com.st.stm32cube.ide.mcu.externaltools.gnu-tools-for-stm32.10.3-2021.10.win32_1.0.200.202301161003/tools/bin/../lib/gcc/arm-none-eabi/10.3.1/../../../../arm-none-eabi/lib/thumb/v7e-m+fp/hard\libc_nano.a(lib_a-init.o)
 .debug_frame   0x00000000000037a0       0x20 c:/st/stm32cubeide_1.12.1/stm32cubeide/plugins/com.st.stm32cube.ide.mcu.externaltools.gnu-tools-for-stm32.10.3-2021.10.win32_1.0.200.202301161003/tools/bin/../lib/gcc/arm-none-eabi/10.3.1/../../../../arm-none-eabi/lib/thumb/v7e-m+fp/hard\libc_nano.a(lib_a-memset.o)
 .debug_frame   0x00000000000037c0       0x2c c:/st/stm32cubeide_1.12.1/stm32cubeide/plugins/com.st.stm32cube.ide.mcu.externaltools.gnu-tools-for-stm32.10.3-2021.10.win32_1.0.200.202301161003/tools/bin/../lib/gcc/arm-none-eabi/10.3.1/thumb/v7e-m+fp/hard\libgcc.a(_aeabi_uldivmod.o)
 .debug_frame   0x00000000000037ec       0x34 c:/st/stm32cubeide_1.12.1/stm32cubeide/plugins/com.st.stm32cube.ide.mcu.externaltools.gnu-tools-for-stm32.10.3-2021.10.win32_1.0.200.202301161003/tools/bin/../lib/gcc/arm-none-eabi/10.3.1/thumb/v7e-m+fp/hard\libgcc.a(_udivmoddi4.o)