14:49:39 **** Incremental Build of configuration Debug for project nucleo-f446re-keyboard-firmware-experiment ****
make -j16 all 
arm-none-eabi-gcc "../Core/Src/main.c" -mcpu=cortex-m4 -std=gnu11 -g3 -DDEBUG -DUSE_HAL_DRIVER -DSTM32F446xx -c -I../Core/Inc -I../Drivers/STM32F4xx_HAL_Driver/Inc -I../Drivers/STM32F4xx_HAL_Driver/Inc/Legacy -I../Drivers/CMSIS/Device/ST/STM32F4xx/Include -I../Drivers/CMSIS/Include -I../USB_DEVICE/App -I../USB_DEVICE/Target -I../Middlewares/ST/STM32_USB_Device_Library/Core/Inc -I../Middlewares/ST/STM32_USB_Device_Library/Class/HID/Inc -O0 -ffunction-sections -fdata-sections -Wall -fstack-usage -fcyclomatic-complexity -MMD -MP -MF"Core/Src/main.d" -MT"Core/Src/main.o" --specs=nano.specs -mfpu=fpv4-sp-d16 -mfloat-abi=hard -mthumb -o "Core/Src/main.o"
../Core/Src/main.c: In function 'main':
../Core/Src/main.c:134:9: warning: unused variable 'value' [-Wunused-variable]
  134 |   float value = 3.1415f;
      |         ^~~~~
arm-none-eabi-gcc -o "nucleo-f446re-keyboard-firmware-experiment.elf" @"objects.list"   -mcpu=cortex-m4 -T"C:\Users\dean\Documents\GitHub\Keyboard-65-split\nucleo-f446re-keyboard-experiments\STM32F446RETX_FLASH.ld" --specs=nosys.specs -Wl,-Map="nucleo-f446re-keyboard-firmware-experiment.map" -Wl,--gc-sections -static -u_printf_float --specs=nano.specs -mfpu=fpv4-sp-d16 -mfloat-abi=hard -mthumb -Wl,--start-group -lc -lm -Wl,--end-group
Finished building target: nucleo-f446re-keyboard-firmware-experiment.elf
 
arm-none-eabi-size   nucleo-f446re-keyboard-firmware-experiment.elf 
arm-none-eabi-objdump -h -S  nucleo-f446re-keyboard-firmware-experiment.elf  > "nucleo-f446re-keyboard-firmware-experiment.list"
   text	   data	    bss	    dec	    hex	filename
  47328	    836	   6244	  54408	   d488	nucleo-f446re-keyboard-firmware-experiment.elf
Finished building: default.size.stdout
 
Finished building: nucleo-f446re-keyboard-firmware-experiment.list
 

14:49:40 Build Finished. 0 errors, 1 warnings. (took 815ms)

